.NET Framework için MSBuild sürüm 17.14.40+3e7442088

  1>Checking Build System
  Building Custom Rule C:/Users/4rchura/Documents/code_snippets/archura_game_engine/Archura_game_engine-main/CMakeLists.txt
  glad_wrapper.c
C:\Program Files (x86)\Windows Kits\10\Include\10.0.26100.0\um\apiquery2.h(37,1): error C2061: sözdizimi hatası: tanımlayıcı 'IsApiSetImplemented' [C:\Users\4rchura\Documents\code_snippets\archura_game_engine\Archura_game_engine-main\build\glad.vcxproj]
  ('../src/glad_wrapper.c' kaynak dosyası derleniyor)
  
C:\Program Files (x86)\Windows Kits\10\Include\10.0.26100.0\um\apiquery2.h(37,1): error C2059: sözdizimi hatası: ';' [C:\Users\4rchura\Documents\code_snippets\archura_game_engine\Archura_game_engine-main\build\glad.vcxproj]
  ('../src/glad_wrapper.c' kaynak dosyası derleniyor)
  
C:\Program Files (x86)\Windows Kits\10\Include\10.0.26100.0\um\apiquery2.h(38,10): error C2059: sözdizimi hatası: '<parameter-list>' [C:\Users\4rchura\Documents\code_snippets\archura_game_engine\Archura_game_engine-main\build\glad.vcxproj]
  ('../src/glad_wrapper.c' kaynak dosyası derleniyor)
  
C:\Program Files (x86)\Windows Kits\10\Include\10.0.26100.0\um\apiquery2.h(44,1): error C2061: sözdizimi hatası: tanımlayıcı 'GetApiSetModuleBaseName' [C:\Users\4rchura\Documents\code_snippets\archura_game_engine\Archura_game_engine-main\build\glad.vcxproj]
  ('../src/glad_wrapper.c' kaynak dosyası derleniyor)
  
C:\Program Files (x86)\Windows Kits\10\Include\10.0.26100.0\um\apiquery2.h(44,1): error C2059: sözdizimi hatası: ';' [C:\Users\4rchura\Documents\code_snippets\archura_game_engine\Archura_game_engine-main\build\glad.vcxproj]
  ('../src/glad_wrapper.c' kaynak dosyası derleniyor)
  
C:\Program Files (x86)\Windows Kits\10\Include\10.0.26100.0\um\apiquery2.h(45,10): error C2059: sözdizimi hatası: '<parameter-list>' [C:\Users\4rchura\Documents\code_snippets\archura_game_engine\Archura_game_engine-main\build\glad.vcxproj]
  ('../src/glad_wrapper.c' kaynak dosyası derleniyor)
  
C:\Program Files (x86)\Windows Kits\10\Include\10.0.26100.0\um\processenv.h(286,1): error C2061: sözdizimi hatası: tanımlayıcı 'SearchPathA' [C:\Users\4rchura\Documents\code_snippets\archura_game_engine\Archura_game_engine-main\build\glad.vcxproj]
  ('../src/glad_wrapper.c' kaynak dosyası derleniyor)
  
C:\Program Files (x86)\Windows Kits\10\Include\10.0.26100.0\um\processenv.h(286,1): error C2059: sözdizimi hatası: ';' [C:\Users\4rchura\Documents\code_snippets\archura_game_engine\Archura_game_engine-main\build\glad.vcxproj]
  ('../src/glad_wrapper.c' kaynak dosyası derleniyor)
  
C:\Program Files (x86)\Windows Kits\10\Include\10.0.26100.0\um\processenv.h(287,14): error C2059: sözdizimi hatası: '<parameter-list>' [C:\Users\4rchura\Documents\code_snippets\archura_game_engine\Archura_game_engine-main\build\glad.vcxproj]
  ('../src/glad_wrapper.c' kaynak dosyası derleniyor)
  
C:\Program Files (x86)\Windows Kits\10\Include\10.0.26100.0\um\fileapi.h(1344,1): error C2061: sözdizimi hatası: tanımlayıcı 'FindNextStreamW' [C:\Users\4rchura\Documents\code_snippets\archura_game_engine\Archura_game_engine-main\build\glad.vcxproj]
  ('../src/glad_wrapper.c' kaynak dosyası derleniyor)
  
C:\Program Files (x86)\Windows Kits\10\Include\10.0.26100.0\um\fileapi.h(1344,1): error C2059: sözdizimi hatası: ';' [C:\Users\4rchura\Documents\code_snippets\archura_game_engine\Archura_game_engine-main\build\glad.vcxproj]
  ('../src/glad_wrapper.c' kaynak dosyası derleniyor)
  
C:\Program Files (x86)\Windows Kits\10\Include\10.0.26100.0\um\fileapi.h(1345,10): error C2059: sözdizimi hatası: '<parameter-list>' [C:\Users\4rchura\Documents\code_snippets\archura_game_engine\Archura_game_engine-main\build\glad.vcxproj]
  ('../src/glad_wrapper.c' kaynak dosyası derleniyor)
  
C:\Program Files (x86)\Windows Kits\10\Include\10.0.26100.0\um\fileapi.h(1403,1): error C2061: sözdizimi hatası: tanımlayıcı 'FindNextFileNameW' [C:\Users\4rchura\Documents\code_snippets\archura_game_engine\Archura_game_engine-main\build\glad.vcxproj]
  ('../src/glad_wrapper.c' kaynak dosyası derleniyor)
  
C:\Program Files (x86)\Windows Kits\10\Include\10.0.26100.0\um\fileapi.h(1403,1): error C2059: sözdizimi hatası: ';' [C:\Users\4rchura\Documents\code_snippets\archura_game_engine\Archura_game_engine-main\build\glad.vcxproj]
  ('../src/glad_wrapper.c' kaynak dosyası derleniyor)
  
C:\Program Files (x86)\Windows Kits\10\Include\10.0.26100.0\um\fileapi.h(1404,10): error C2059: sözdizimi hatası: '<parameter-list>' [C:\Users\4rchura\Documents\code_snippets\archura_game_engine\Archura_game_engine-main\build\glad.vcxproj]
  ('../src/glad_wrapper.c' kaynak dosyası derleniyor)
  
C:\Program Files (x86)\Windows Kits\10\Include\10.0.26100.0\um\debugapi.h(80,1): error C2061: sözdizimi hatası: tanımlayıcı 'ContinueDebugEvent' [C:\Users\4rchura\Documents\code_snippets\archura_game_engine\Archura_game_engine-main\build\glad.vcxproj]
  ('../src/glad_wrapper.c' kaynak dosyası derleniyor)
  
C:\Program Files (x86)\Windows Kits\10\Include\10.0.26100.0\um\debugapi.h(80,1): error C2059: sözdizimi hatası: ';' [C:\Users\4rchura\Documents\code_snippets\archura_game_engine\Archura_game_engine-main\build\glad.vcxproj]
  ('../src/glad_wrapper.c' kaynak dosyası derleniyor)
  
C:\Program Files (x86)\Windows Kits\10\Include\10.0.26100.0\um\debugapi.h(81,10): error C2059: sözdizimi hatası: '<parameter-list>' [C:\Users\4rchura\Documents\code_snippets\archura_game_engine\Archura_game_engine-main\build\glad.vcxproj]
  ('../src/glad_wrapper.c' kaynak dosyası derleniyor)
  
C:\Program Files (x86)\Windows Kits\10\Include\10.0.26100.0\um\debugapi.h(89,1): error C2061: sözdizimi hatası: tanımlayıcı 'WaitForDebugEvent' [C:\Users\4rchura\Documents\code_snippets\archura_game_engine\Archura_game_engine-main\build\glad.vcxproj]
  ('../src/glad_wrapper.c' kaynak dosyası derleniyor)
  
C:\Program Files (x86)\Windows Kits\10\Include\10.0.26100.0\um\debugapi.h(89,1): error C2059: sözdizimi hatası: ';' [C:\Users\4rchura\Documents\code_snippets\archura_game_engine\Archura_game_engine-main\build\glad.vcxproj]
  ('../src/glad_wrapper.c' kaynak dosyası derleniyor)
  
C:\Program Files (x86)\Windows Kits\10\Include\10.0.26100.0\um\debugapi.h(90,11): error C2059: sözdizimi hatası: '<parameter-list>' [C:\Users\4rchura\Documents\code_snippets\archura_game_engine\Archura_game_engine-main\build\glad.vcxproj]
  ('../src/glad_wrapper.c' kaynak dosyası derleniyor)
  
C:\Program Files (x86)\Windows Kits\10\Include\10.0.26100.0\um\debugapi.h(97,1): error C2061: sözdizimi hatası: tanımlayıcı 'DebugActiveProcess' [C:\Users\4rchura\Documents\code_snippets\archura_game_engine\Archura_game_engine-main\build\glad.vcxproj]
  ('../src/glad_wrapper.c' kaynak dosyası derleniyor)
  
C:\Program Files (x86)\Windows Kits\10\Include\10.0.26100.0\um\debugapi.h(97,1): error C2059: sözdizimi hatası: ';' [C:\Users\4rchura\Documents\code_snippets\archura_game_engine\Archura_game_engine-main\build\glad.vcxproj]
  ('../src/glad_wrapper.c' kaynak dosyası derleniyor)
  
C:\Program Files (x86)\Windows Kits\10\Include\10.0.26100.0\um\debugapi.h(98,10): error C2059: sözdizimi hatası: '<parameter-list>' [C:\Users\4rchura\Documents\code_snippets\archura_game_engine\Archura_game_engine-main\build\glad.vcxproj]
  ('../src/glad_wrapper.c' kaynak dosyası derleniyor)
  
C:\Program Files (x86)\Windows Kits\10\Include\10.0.26100.0\um\debugapi.h(104,1): error C2061: sözdizimi hatası: tanımlayıcı 'DebugActiveProcessStop' [C:\Users\4rchura\Documents\code_snippets\archura_game_engine\Archura_game_engine-main\build\glad.vcxproj]
  ('../src/glad_wrapper.c' kaynak dosyası derleniyor)
  
C:\Program Files (x86)\Windows Kits\10\Include\10.0.26100.0\um\debugapi.h(104,1): error C2059: sözdizimi hatası: ';' [C:\Users\4rchura\Documents\code_snippets\archura_game_engine\Archura_game_engine-main\build\glad.vcxproj]
  ('../src/glad_wrapper.c' kaynak dosyası derleniyor)
  
C:\Program Files (x86)\Windows Kits\10\Include\10.0.26100.0\um\debugapi.h(105,10): error C2059: sözdizimi hatası: '<parameter-list>' [C:\Users\4rchura\Documents\code_snippets\archura_game_engine\Archura_game_engine-main\build\glad.vcxproj]
  ('../src/glad_wrapper.c' kaynak dosyası derleniyor)
  
C:\Program Files (x86)\Windows Kits\10\Include\10.0.26100.0\um\debugapi.h(135,1): error C2061: sözdizimi hatası: tanımlayıcı 'WaitForDebugEventEx' [C:\Users\4rchura\Documents\code_snippets\archura_game_engine\Archura_game_engine-main\build\glad.vcxproj]
  ('../src/glad_wrapper.c' kaynak dosyası derleniyor)
  
C:\Program Files (x86)\Windows Kits\10\Include\10.0.26100.0\um\debugapi.h(135,1): error C2059: sözdizimi hatası: ';' [C:\Users\4rchura\Documents\code_snippets\archura_game_engine\Archura_game_engine-main\build\glad.vcxproj]
  ('../src/glad_wrapper.c' kaynak dosyası derleniyor)
  
C:\Program Files (x86)\Windows Kits\10\Include\10.0.26100.0\um\debugapi.h(136,11): error C2059: sözdizimi hatası: '<parameter-list>' [C:\Users\4rchura\Documents\code_snippets\archura_game_engine\Archura_game_engine-main\build\glad.vcxproj]
  ('../src/glad_wrapper.c' kaynak dosyası derleniyor)
  
C:\Program Files (x86)\Windows Kits\10\Include\10.0.26100.0\um\synchapi.h(504,11): error C2143: sözdizimi hatası: ')' eksik ('*' öncesinde) [C:\Users\4rchura\Documents\code_snippets\archura_game_engine\Archura_game_engine-main\build\glad.vcxproj]
  ('../src/glad_wrapper.c' kaynak dosyası derleniyor)
  
C:\Program Files (x86)\Windows Kits\10\Include\10.0.26100.0\um\synchapi.h(504,11): error C2143: sözdizimi hatası: '{' eksik ('*' öncesinde) [C:\Users\4rchura\Documents\code_snippets\archura_game_engine\Archura_game_engine-main\build\glad.vcxproj]
  ('../src/glad_wrapper.c' kaynak dosyası derleniyor)
  
C:\Program Files (x86)\Windows Kits\10\Include\10.0.26100.0\um\synchapi.h(504,28): error C2059: sözdizimi hatası: ')' [C:\Users\4rchura\Documents\code_snippets\archura_game_engine\Archura_game_engine-main\build\glad.vcxproj]
  ('../src/glad_wrapper.c' kaynak dosyası derleniyor)
  
C:\Program Files (x86)\Windows Kits\10\Include\10.0.26100.0\um\synchapi.h(504,12): warning C4431: tür belirticisi eksik - int varsayıldı. Not: C artık varsayılan int desteği içermiyor [C:\Users\4rchura\Documents\code_snippets\archura_game_engine\Archura_game_engine-main\build\glad.vcxproj]
  ('../src/glad_wrapper.c' kaynak dosyası derleniyor)
  
C:\Program Files (x86)\Windows Kits\10\Include\10.0.26100.0\um\synchapi.h(508,6): warning C4218: standart olmayan uzantı kullanıldı: en az bir depolama sınıfı veya türü belirtilmelidir [C:\Users\4rchura\Documents\code_snippets\archura_game_engine\Archura_game_engine-main\build\glad.vcxproj]
  ('../src/glad_wrapper.c' kaynak dosyası derleniyor)
  
C:\Program Files (x86)\Windows Kits\10\Include\10.0.26100.0\um\synchapi.h(532,31): error C2146: sözdizimi hatası: ')' eksik ('pfnCompletionRoutine' tanımlayıcısından önce) [C:\Users\4rchura\Documents\code_snippets\archura_game_engine\Archura_game_engine-main\build\glad.vcxproj]
  ('../src/glad_wrapper.c' kaynak dosyası derleniyor)
  
C:\Program Files (x86)\Windows Kits\10\Include\10.0.26100.0\um\synchapi.h(532,14): error C2081: 'PTIMERAPCROUTINE': biçimsel parametre listesindeki ad geçersiz [C:\Users\4rchura\Documents\code_snippets\archura_game_engine\Archura_game_engine-main\build\glad.vcxproj]
  ('../src/glad_wrapper.c' kaynak dosyası derleniyor)
  
C:\Program Files (x86)\Windows Kits\10\Include\10.0.26100.0\um\synchapi.h(532,31): error C2061: sözdizimi hatası: tanımlayıcı 'pfnCompletionRoutine' [C:\Users\4rchura\Documents\code_snippets\archura_game_engine\Archura_game_engine-main\build\glad.vcxproj]
  ('../src/glad_wrapper.c' kaynak dosyası derleniyor)
  
C:\Program Files (x86)\Windows Kits\10\Include\10.0.26100.0\um\synchapi.h(532,31): error C2059: sözdizimi hatası: ';' [C:\Users\4rchura\Documents\code_snippets\archura_game_engine\Archura_game_engine-main\build\glad.vcxproj]
  ('../src/glad_wrapper.c' kaynak dosyası derleniyor)
  
C:\Program Files (x86)\Windows Kits\10\Include\10.0.26100.0\um\synchapi.h(532,51): error C2059: sözdizimi hatası: ',' [C:\Users\4rchura\Documents\code_snippets\archura_game_engine\Archura_game_engine-main\build\glad.vcxproj]
  ('../src/glad_wrapper.c' kaynak dosyası derleniyor)
  
C:\Program Files (x86)\Windows Kits\10\Include\10.0.26100.0\um\synchapi.h(536,5): error C2059: sözdizimi hatası: ')' [C:\Users\4rchura\Documents\code_snippets\archura_game_engine\Archura_game_engine-main\build\glad.vcxproj]
  ('../src/glad_wrapper.c' kaynak dosyası derleniyor)
  
C:\Program Files (x86)\Windows Kits\10\Include\10.0.26100.0\um\synchapi.h(547,31): error C2146: sözdizimi hatası: ')' eksik ('pfnCompletionRoutine' tanımlayıcısından önce) [C:\Users\4rchura\Documents\code_snippets\archura_game_engine\Archura_game_engine-main\build\glad.vcxproj]
  ('../src/glad_wrapper.c' kaynak dosyası derleniyor)
  
C:\Program Files (x86)\Windows Kits\10\Include\10.0.26100.0\um\synchapi.h(547,14): error C2081: 'PTIMERAPCROUTINE': biçimsel parametre listesindeki ad geçersiz [C:\Users\4rchura\Documents\code_snippets\archura_game_engine\Archura_game_engine-main\build\glad.vcxproj]
  ('../src/glad_wrapper.c' kaynak dosyası derleniyor)
  
C:\Program Files (x86)\Windows Kits\10\Include\10.0.26100.0\um\synchapi.h(547,31): error C2061: sözdizimi hatası: tanımlayıcı 'pfnCompletionRoutine' [C:\Users\4rchura\Documents\code_snippets\archura_game_engine\Archura_game_engine-main\build\glad.vcxproj]
  ('../src/glad_wrapper.c' kaynak dosyası derleniyor)
  
C:\Program Files (x86)\Windows Kits\10\Include\10.0.26100.0\um\synchapi.h(547,31): error C2059: sözdizimi hatası: ';' [C:\Users\4rchura\Documents\code_snippets\archura_game_engine\Archura_game_engine-main\build\glad.vcxproj]
  ('../src/glad_wrapper.c' kaynak dosyası derleniyor)
  
C:\Program Files (x86)\Windows Kits\10\Include\10.0.26100.0\um\synchapi.h(547,51): error C2059: sözdizimi hatası: ',' [C:\Users\4rchura\Documents\code_snippets\archura_game_engine\Archura_game_engine-main\build\glad.vcxproj]
  ('../src/glad_wrapper.c' kaynak dosyası derleniyor)
  
C:\Program Files (x86)\Windows Kits\10\Include\10.0.26100.0\um\synchapi.h(550,5): error C2059: sözdizimi hatası: ')' [C:\Users\4rchura\Documents\code_snippets\archura_game_engine\Archura_game_engine-main\build\glad.vcxproj]
  ('../src/glad_wrapper.c' kaynak dosyası derleniyor)
  
C:\Program Files (x86)\Windows Kits\10\Include\10.0.26100.0\um\processthreadsapi.h(524,1): error C2061: sözdizimi hatası: tanımlayıcı 'SetThreadToken' [C:\Users\4rchura\Documents\code_snippets\archura_game_engine\Archura_game_engine-main\build\glad.vcxproj]
  ('../src/glad_wrapper.c' kaynak dosyası derleniyor)
  
C:\Program Files (x86)\Windows Kits\10\Include\10.0.26100.0\um\processthreadsapi.h(524,1): error C2059: sözdizimi hatası: ';' [C:\Users\4rchura\Documents\code_snippets\archura_game_engine\Archura_game_engine-main\build\glad.vcxproj]
  ('../src/glad_wrapper.c' kaynak dosyası derleniyor)
  
C:\Program Files (x86)\Windows Kits\10\Include\10.0.26100.0\um\processthreadsapi.h(525,14): error C2059: sözdizimi hatası: '<parameter-list>' [C:\Users\4rchura\Documents\code_snippets\archura_game_engine\Archura_game_engine-main\build\glad.vcxproj]
  ('../src/glad_wrapper.c' kaynak dosyası derleniyor)
  
C:\Program Files (x86)\Windows Kits\10\Include\10.0.26100.0\um\libloaderapi.h(488,1): error C2061: sözdizimi hatası: tanımlayıcı 'EnumResourceLanguagesExA' [C:\Users\4rchura\Documents\code_snippets\archura_game_engine\Archura_game_engine-main\build\glad.vcxproj]
  ('../src/glad_wrapper.c' kaynak dosyası derleniyor)
  
C:\Program Files (x86)\Windows Kits\10\Include\10.0.26100.0\um\libloaderapi.h(488,1): error C2059: sözdizimi hatası: ';' [C:\Users\4rchura\Documents\code_snippets\archura_game_engine\Archura_game_engine-main\build\glad.vcxproj]
  ('../src/glad_wrapper.c' kaynak dosyası derleniyor)
  
C:\Program Files (x86)\Windows Kits\10\Include\10.0.26100.0\um\libloaderapi.h(489,14): error C2059: sözdizimi hatası: '<parameter-list>' [C:\Users\4rchura\Documents\code_snippets\archura_game_engine\Archura_game_engine-main\build\glad.vcxproj]
  ('../src/glad_wrapper.c' kaynak dosyası derleniyor)
  
C:\Program Files (x86)\Windows Kits\10\Include\10.0.26100.0\um\libloaderapi.h(501,1): error C2061: sözdizimi hatası: tanımlayıcı 'EnumResourceLanguagesExW' [C:\Users\4rchura\Documents\code_snippets\archura_game_engine\Archura_game_engine-main\build\glad.vcxproj]
  ('../src/glad_wrapper.c' kaynak dosyası derleniyor)
  
C:\Program Files (x86)\Windows Kits\10\Include\10.0.26100.0\um\libloaderapi.h(501,1): error C2059: sözdizimi hatası: ';' [C:\Users\4rchura\Documents\code_snippets\archura_game_engine\Archura_game_engine-main\build\glad.vcxproj]
  ('../src/glad_wrapper.c' kaynak dosyası derleniyor)
  
C:\Program Files (x86)\Windows Kits\10\Include\10.0.26100.0\um\libloaderapi.h(502,14): error C2059: sözdizimi hatası: '<parameter-list>' [C:\Users\4rchura\Documents\code_snippets\archura_game_engine\Archura_game_engine-main\build\glad.vcxproj]
  ('../src/glad_wrapper.c' kaynak dosyası derleniyor)
  
C:\Program Files (x86)\Windows Kits\10\Include\10.0.26100.0\um\securitybaseapi.h(476,1): error C2061: sözdizimi hatası: tanımlayıcı 'CheckTokenMembership' [C:\Users\4rchura\Documents\code_snippets\archura_game_engine\Archura_game_engine-main\build\glad.vcxproj]
  ('../src/glad_wrapper.c' kaynak dosyası derleniyor)
  
C:\Program Files (x86)\Windows Kits\10\Include\10.0.26100.0\um\securitybaseapi.h(476,1): error C2059: sözdizimi hatası: ';' [C:\Users\4rchura\Documents\code_snippets\archura_game_engine\Archura_game_engine-main\build\glad.vcxproj]
  ('../src/glad_wrapper.c' kaynak dosyası derleniyor)
  
C:\Program Files (x86)\Windows Kits\10\Include\10.0.26100.0\um\securitybaseapi.h(477,14): error C2059: sözdizimi hatası: '<parameter-list>' [C:\Users\4rchura\Documents\code_snippets\archura_game_engine\Archura_game_engine-main\build\glad.vcxproj]
  ('../src/glad_wrapper.c' kaynak dosyası derleniyor)
  
C:\Program Files (x86)\Windows Kits\10\Include\10.0.26100.0\um\securitybaseapi.h(493,1): error C2061: sözdizimi hatası: tanımlayıcı 'CheckTokenCapability' [C:\Users\4rchura\Documents\code_snippets\archura_game_engine\Archura_game_engine-main\build\glad.vcxproj]
  ('../src/glad_wrapper.c' kaynak dosyası derleniyor)
  
C:\Program Files (x86)\Windows Kits\10\Include\10.0.26100.0\um\securitybaseapi.h(493,1): error C2059: sözdizimi hatası: ';' [C:\Users\4rchura\Documents\code_snippets\archura_game_engine\Archura_game_engine-main\build\glad.vcxproj]
  ('../src/glad_wrapper.c' kaynak dosyası derleniyor)
  
C:\Program Files (x86)\Windows Kits\10\Include\10.0.26100.0\um\securitybaseapi.h(494,14): error C2059: sözdizimi hatası: '<parameter-list>' [C:\Users\4rchura\Documents\code_snippets\archura_game_engine\Archura_game_engine-main\build\glad.vcxproj]
  ('../src/glad_wrapper.c' kaynak dosyası derleniyor)
  
C:\Program Files (x86)\Windows Kits\10\Include\10.0.26100.0\um\securitybaseapi.h(502,1): error C2061: sözdizimi hatası: tanımlayıcı 'GetAppContainerAce' [C:\Users\4rchura\Documents\code_snippets\archura_game_engine\Archura_game_engine-main\build\glad.vcxproj]
  ('../src/glad_wrapper.c' kaynak dosyası derleniyor)
  
C:\Program Files (x86)\Windows Kits\10\Include\10.0.26100.0\um\securitybaseapi.h(502,1): error C2059: sözdizimi hatası: ';' [C:\Users\4rchura\Documents\code_snippets\archura_game_engine\Archura_game_engine-main\build\glad.vcxproj]
  ('../src/glad_wrapper.c' kaynak dosyası derleniyor)
  
C:\Program Files (x86)\Windows Kits\10\Include\10.0.26100.0\um\securitybaseapi.h(503,10): error C2059: sözdizimi hatası: '<parameter-list>' [C:\Users\4rchura\Documents\code_snippets\archura_game_engine\Archura_game_engine-main\build\glad.vcxproj]
  ('../src/glad_wrapper.c' kaynak dosyası derleniyor)
  
C:\Program Files (x86)\Windows Kits\10\Include\10.0.26100.0\um\securitybaseapi.h(518,1): error C2061: sözdizimi hatası: tanımlayıcı 'CheckTokenMembershipEx' [C:\Users\4rchura\Documents\code_snippets\archura_game_engine\Archura_game_engine-main\build\glad.vcxproj]
  ('../src/glad_wrapper.c' kaynak dosyası derleniyor)
  
C:\Program Files (x86)\Windows Kits\10\Include\10.0.26100.0\um\securitybaseapi.h(518,1): error C2059: sözdizimi hatası: ';' [C:\Users\4rchura\Documents\code_snippets\archura_game_engine\Archura_game_engine-main\build\glad.vcxproj]
  ('../src/glad_wrapper.c' kaynak dosyası derleniyor)
  
C:\Program Files (x86)\Windows Kits\10\Include\10.0.26100.0\um\securitybaseapi.h(519,14): error C2059: sözdizimi hatası: '<parameter-list>' [C:\Users\4rchura\Documents\code_snippets\archura_game_engine\Archura_game_engine-main\build\glad.vcxproj]
  ('../src/glad_wrapper.c' kaynak dosyası derleniyor)
  
C:\Program Files (x86)\Windows Kits\10\Include\10.0.26100.0\um\securitybaseapi.h(610,1): error C2061: sözdizimi hatası: tanımlayıcı 'CreateRestrictedToken' [C:\Users\4rchura\Documents\code_snippets\archura_game_engine\Archura_game_engine-main\build\glad.vcxproj]
  ('../src/glad_wrapper.c' kaynak dosyası derleniyor)
  
C:\Program Files (x86)\Windows Kits\10\Include\10.0.26100.0\um\securitybaseapi.h(610,1): error C2059: sözdizimi hatası: ';' [C:\Users\4rchura\Documents\code_snippets\archura_game_engine\Archura_game_engine-main\build\glad.vcxproj]
  ('../src/glad_wrapper.c' kaynak dosyası derleniyor)
  
C:\Program Files (x86)\Windows Kits\10\Include\10.0.26100.0\um\securitybaseapi.h(611,10): error C2059: sözdizimi hatası: '<parameter-list>' [C:\Users\4rchura\Documents\code_snippets\archura_game_engine\Archura_game_engine-main\build\glad.vcxproj]
  ('../src/glad_wrapper.c' kaynak dosyası derleniyor)
  
C:\Program Files (x86)\Windows Kits\10\Include\10.0.26100.0\um\securitybaseapi.h(959,1): error C2061: sözdizimi hatası: tanımlayıcı 'ImpersonateAnonymousToken' [C:\Users\4rchura\Documents\code_snippets\archura_game_engine\Archura_game_engine-main\build\glad.vcxproj]
  ('../src/glad_wrapper.c' kaynak dosyası derleniyor)
  
C:\Program Files (x86)\Windows Kits\10\Include\10.0.26100.0\um\securitybaseapi.h(959,1): error C2059: sözdizimi hatası: ';' [C:\Users\4rchura\Documents\code_snippets\archura_game_engine\Archura_game_engine-main\build\glad.vcxproj]
  ('../src/glad_wrapper.c' kaynak dosyası derleniyor)
  
C:\Program Files (x86)\Windows Kits\10\Include\10.0.26100.0\um\securitybaseapi.h(960,10): error C2059: sözdizimi hatası: '<parameter-list>' [C:\Users\4rchura\Documents\code_snippets\archura_game_engine\Archura_game_engine-main\build\glad.vcxproj]
  ('../src/glad_wrapper.c' kaynak dosyası derleniyor)
  
C:\Program Files (x86)\Windows Kits\10\Include\10.0.26100.0\um\winbase.h(8061,1): error C2061: sözdizimi hatası: tanımlayıcı 'CreateBoundaryDescriptorA' [C:\Users\4rchura\Documents\code_snippets\archura_game_engine\Archura_game_engine-main\build\glad.vcxproj]
  ('../src/glad_wrapper.c' kaynak dosyası derleniyor)
  
C:\Program Files (x86)\Windows Kits\10\Include\10.0.26100.0\um\winbase.h(8061,1): error C2059: sözdizimi hatası: ';' [C:\Users\4rchura\Documents\code_snippets\archura_game_engine\Archura_game_engine-main\build\glad.vcxproj]
  ('../src/glad_wrapper.c' kaynak dosyası derleniyor)
  
C:\Program Files (x86)\Windows Kits\10\Include\10.0.26100.0\um\winbase.h(8062,10): error C2059: sözdizimi hatası: '<parameter-list>' [C:\Users\4rchura\Documents\code_snippets\archura_game_engine\Archura_game_engine-main\build\glad.vcxproj]
  ('../src/glad_wrapper.c' kaynak dosyası derleniyor)
  
C:\Program Files (x86)\Windows Kits\10\Include\10.0.26100.0\um\winbase.h(9475,1): error C2061: sözdizimi hatası: tanımlayıcı 'CreateSymbolicLinkA' [C:\Users\4rchura\Documents\code_snippets\archura_game_engine\Archura_game_engine-main\build\glad.vcxproj]
  ('../src/glad_wrapper.c' kaynak dosyası derleniyor)
  
C:\Program Files (x86)\Windows Kits\10\Include\10.0.26100.0\um\winbase.h(9475,1): error C2059: sözdizimi hatası: ';' [C:\Users\4rchura\Documents\code_snippets\archura_game_engine\Archura_game_engine-main\build\glad.vcxproj]
  ('../src/glad_wrapper.c' kaynak dosyası derleniyor)
  
C:\Program Files (x86)\Windows Kits\10\Include\10.0.26100.0\um\winbase.h(9476,10): error C2059: sözdizimi hatası: '<parameter-list>' [C:\Users\4rchura\Documents\code_snippets\archura_game_engine\Archura_game_engine-main\build\glad.vcxproj]
  ('../src/glad_wrapper.c' kaynak dosyası derleniyor)
  
C:\Program Files (x86)\Windows Kits\10\Include\10.0.26100.0\um\winbase.h(9483,1): error C2061: sözdizimi hatası: tanımlayıcı 'CreateSymbolicLinkW' [C:\Users\4rchura\Documents\code_snippets\archura_game_engine\Archura_game_engine-main\build\glad.vcxproj]
  ('../src/glad_wrapper.c' kaynak dosyası derleniyor)
  
C:\Program Files (x86)\Windows Kits\10\Include\10.0.26100.0\um\winbase.h(9483,1): error C2059: sözdizimi hatası: ';' [C:\Users\4rchura\Documents\code_snippets\archura_game_engine\Archura_game_engine-main\build\glad.vcxproj]
  ('../src/glad_wrapper.c' kaynak dosyası derleniyor)
  
C:\Program Files (x86)\Windows Kits\10\Include\10.0.26100.0\um\winbase.h(9484,10): error C2059: sözdizimi hatası: '<parameter-list>' [C:\Users\4rchura\Documents\code_snippets\archura_game_engine\Archura_game_engine-main\build\glad.vcxproj]
  ('../src/glad_wrapper.c' kaynak dosyası derleniyor)
  
C:\Program Files (x86)\Windows Kits\10\Include\10.0.26100.0\um\winbase.h(9524,1): error C2061: sözdizimi hatası: tanımlayıcı 'CreateSymbolicLinkTransactedA' [C:\Users\4rchura\Documents\code_snippets\archura_game_engine\Archura_game_engine-main\build\glad.vcxproj]
  ('../src/glad_wrapper.c' kaynak dosyası derleniyor)
  
C:\Program Files (x86)\Windows Kits\10\Include\10.0.26100.0\um\winbase.h(9524,1): error C2059: sözdizimi hatası: ';' [C:\Users\4rchura\Documents\code_snippets\archura_game_engine\Archura_game_engine-main\build\glad.vcxproj]
  ('../src/glad_wrapper.c' kaynak dosyası derleniyor)
  
C:\Program Files (x86)\Windows Kits\10\Include\10.0.26100.0\um\winbase.h(9525,14): error C2059: sözdizimi hatası: '<parameter-list>' [C:\Users\4rchura\Documents\code_snippets\archura_game_engine\Archura_game_engine-main\build\glad.vcxproj]
  ('../src/glad_wrapper.c' kaynak dosyası derleniyor)
  
C:\Program Files (x86)\Windows Kits\10\Include\10.0.26100.0\um\winbase.h(9533,1): error C2061: sözdizimi hatası: tanımlayıcı 'CreateSymbolicLinkTransactedW' [C:\Users\4rchura\Documents\code_snippets\archura_game_engine\Archura_game_engine-main\build\glad.vcxproj]
  ('../src/glad_wrapper.c' kaynak dosyası derleniyor)
  
C:\Program Files (x86)\Windows Kits\10\Include\10.0.26100.0\um\winbase.h(9533,1): error C2059: sözdizimi hatası: ';' [C:\Users\4rchura\Documents\code_snippets\archura_game_engine\Archura_game_engine-main\build\glad.vcxproj]
  ('../src/glad_wrapper.c' kaynak dosyası derleniyor)
  
C:\Program Files (x86)\Windows Kits\10\Include\10.0.26100.0\um\winbase.h(9534,14): error C2059: sözdizimi hatası: '<parameter-list>' [C:\Users\4rchura\Documents\code_snippets\archura_game_engine\Archura_game_engine-main\build\glad.vcxproj]
  ('../src/glad_wrapper.c' kaynak dosyası derleniyor)
  
C:\Program Files (x86)\Windows Kits\10\Include\10.0.26100.0\um\winbase.h(9713,1): error C2061: sözdizimi hatası: tanımlayıcı 'EnableThreadProfiling' [C:\Users\4rchura\Documents\code_snippets\archura_game_engine\Archura_game_engine-main\build\glad.vcxproj]
  ('../src/glad_wrapper.c' kaynak dosyası derleniyor)
  
C:\Program Files (x86)\Windows Kits\10\Include\10.0.26100.0\um\winbase.h(9713,1): error C2059: sözdizimi hatası: ';' [C:\Users\4rchura\Documents\code_snippets\archura_game_engine\Archura_game_engine-main\build\glad.vcxproj]
  ('../src/glad_wrapper.c' kaynak dosyası derleniyor)
  
C:\Program Files (x86)\Windows Kits\10\Include\10.0.26100.0\um\winbase.h(9714,10): error C2059: sözdizimi hatası: '<parameter-list>' [C:\Users\4rchura\Documents\code_snippets\archura_game_engine\Archura_game_engine-main\build\glad.vcxproj]
  ('../src/glad_wrapper.c' kaynak dosyası derleniyor)
  
C:\Program Files (x86)\Windows Kits\10\Include\10.0.26100.0\um\winbase.h(9723,1): error C2061: sözdizimi hatası: tanımlayıcı 'DisableThreadProfiling' [C:\Users\4rchura\Documents\code_snippets\archura_game_engine\Archura_game_engine-main\build\glad.vcxproj]
  ('../src/glad_wrapper.c' kaynak dosyası derleniyor)
  
C:\Program Files (x86)\Windows Kits\10\Include\10.0.26100.0\um\winbase.h(9723,1): error C2059: sözdizimi hatası: ';' [C:\Users\4rchura\Documents\code_snippets\archura_game_engine\Archura_game_engine-main\build\glad.vcxproj]
  ('../src/glad_wrapper.c' kaynak dosyası derleniyor)
  
C:\Program Files (x86)\Windows Kits\10\Include\10.0.26100.0\um\winbase.h(9724,10): error C2059: sözdizimi hatası: '<parameter-list>' [C:\Users\4rchura\Documents\code_snippets\archura_game_engine\Archura_game_engine-main\build\glad.vcxproj]
  ('../src/glad_wrapper.c' kaynak dosyası derleniyor)
  
C:\Program Files (x86)\Windows Kits\10\Include\10.0.26100.0\um\winbase.h(9730,1): error C2061: sözdizimi hatası: tanımlayıcı 'QueryThreadProfiling' [C:\Users\4rchura\Documents\code_snippets\archura_game_engine\Archura_game_engine-main\build\glad.vcxproj]
  ('../src/glad_wrapper.c' kaynak dosyası derleniyor)
  
C:\Program Files (x86)\Windows Kits\10\Include\10.0.26100.0\um\winbase.h(9730,1): error C2059: sözdizimi hatası: ';' [C:\Users\4rchura\Documents\code_snippets\archura_game_engine\Archura_game_engine-main\build\glad.vcxproj]
  ('../src/glad_wrapper.c' kaynak dosyası derleniyor)
  
C:\Program Files (x86)\Windows Kits\10\Include\10.0.26100.0\um\winbase.h(9731,10): error C2059: sözdizimi hatası: '<parameter-list>' [C:\Users\4rchura\Documents\code_snippets\archura_game_engine\Archura_game_engine-main\build\glad.vcxproj]
  ('../src/glad_wrapper.c' kaynak dosyası derleniyor)
  
C:\Program Files (x86)\Windows Kits\10\Include\10.0.26100.0\um\winbase.h(9738,1): error C2061: sözdizimi hatası: tanımlayıcı 'ReadThreadProfilingData' [C:\Users\4rchura\Documents\code_snippets\archura_game_engine\Archura_game_engine-main\build\glad.vcxproj]
  ('../src/glad_wrapper.c' kaynak dosyası derleniyor)
  
C:\Program Files (x86)\Windows Kits\10\Include\10.0.26100.0\um\winbase.h(9738,1): error C2059: sözdizimi hatası: ';' [C:\Users\4rchura\Documents\code_snippets\archura_game_engine\Archura_game_engine-main\build\glad.vcxproj]
  ('../src/glad_wrapper.c' kaynak dosyası derleniyor)
  
C:\Program Files (x86)\Windows Kits\10\Include\10.0.26100.0\um\winbase.h(9739,10): error C2059: sözdizimi hatası: '<parameter-list>' [C:\Users\4rchura\Documents\code_snippets\archura_game_engine\Archura_game_engine-main\build\glad.vcxproj]
  ('../src/glad_wrapper.c' kaynak dosyası derleniyor)
  
C:\Program Files (x86)\Windows Kits\10\Include\10.0.26100.0\um\wingdi.h(4175,26): error C2061: sözdizimi hatası: tanımlayıcı 'GetCharWidthFloatA' [C:\Users\4rchura\Documents\code_snippets\archura_game_engine\Archura_game_engine-main\build\glad.vcxproj]
  ('../src/glad_wrapper.c' kaynak dosyası derleniyor)
  
C:\Program Files (x86)\Windows Kits\10\Include\10.0.26100.0\um\wingdi.h(4175,26): error C2059: sözdizimi hatası: ';' [C:\Users\4rchura\Documents\code_snippets\archura_game_engine\Archura_game_engine-main\build\glad.vcxproj]
  ('../src/glad_wrapper.c' kaynak dosyası derleniyor)
  
C:\Program Files (x86)\Windows Kits\10\Include\10.0.26100.0\um\wingdi.h(4175,26): error C1003: hata sayısı 100 taneyi aştı; derleme durduruluyor [C:\Users\4rchura\Documents\code_snippets\archura_game_engine\Archura_game_engine-main\build\glad.vcxproj]
  ('../src/glad_wrapper.c' kaynak dosyası derleniyor)
  
  Building Custom Rule C:/Users/4rchura/Documents/code_snippets/archura_game_engine/Archura_game_engine-main/CMakeLists.txt
  imgui.cpp
  imgui_demo.cpp
  imgui_draw.cpp
  imgui_tables.cpp
  imgui_widgets.cpp
  imgui_impl_glfw.cpp
  imgui_impl_opengl3.cpp
C:\Program Files (x86)\Windows Kits\10\Include\10.0.26100.0\um\apiquery2.h(37,1): error C2146: sözdizimi hatası: ';' eksik ('IsApiSetImplemented' tanımlayıcısından önce) [C:\Users\4rchura\Documents\code_snippets\archura_game_engine\Archura_game_engine-main\build\imgui.vcxproj]
  ('../external/imgui/backends/imgui_impl_glfw.cpp' kaynak dosyası derleniyor)
  
C:\Program Files (x86)\Windows Kits\10\Include\10.0.26100.0\um\apiquery2.h(43,1): error C2371: 'APIENTRY': yeniden tanımlama; temel türler farklı [C:\Users\4rchura\Documents\code_snippets\archura_game_engine\Archura_game_engine-main\build\imgui.vcxproj]
  ('../external/imgui/backends/imgui_impl_glfw.cpp' kaynak dosyası derleniyor)
      C:\Program Files (x86)\Windows Kits\10\Include\10.0.26100.0\um\apiquery2.h(36,1):
      'APIENTRY' bildirimine bakın
  
C:\Program Files (x86)\Windows Kits\10\Include\10.0.26100.0\um\apiquery2.h(44,1): error C2146: sözdizimi hatası: ';' eksik ('GetApiSetModuleBaseName' tanımlayıcısından önce) [C:\Users\4rchura\Documents\code_snippets\archura_game_engine\Archura_game_engine-main\build\imgui.vcxproj]
  ('../external/imgui/backends/imgui_impl_glfw.cpp' kaynak dosyası derleniyor)
  
C:\Program Files (x86)\Windows Kits\10\Include\10.0.26100.0\um\processenv.h(285,1): error C2371: 'APIENTRY': yeniden tanımlama; temel türler farklı [C:\Users\4rchura\Documents\code_snippets\archura_game_engine\Archura_game_engine-main\build\imgui.vcxproj]
  ('../external/imgui/backends/imgui_impl_glfw.cpp' kaynak dosyası derleniyor)
      C:\Program Files (x86)\Windows Kits\10\Include\10.0.26100.0\um\apiquery2.h(36,1):
      'APIENTRY' bildirimine bakın
  
C:\Program Files (x86)\Windows Kits\10\Include\10.0.26100.0\um\processenv.h(286,1): error C2146: sözdizimi hatası: ';' eksik ('SearchPathA' tanımlayıcısından önce) [C:\Users\4rchura\Documents\code_snippets\archura_game_engine\Archura_game_engine-main\build\imgui.vcxproj]
  ('../external/imgui/backends/imgui_impl_glfw.cpp' kaynak dosyası derleniyor)
  
C:\Program Files (x86)\Windows Kits\10\Include\10.0.26100.0\um\fileapi.h(1343,1): error C2370: 'APIENTRY': yeniden tanımlama; depolama sınıfı farklı [C:\Users\4rchura\Documents\code_snippets\archura_game_engine\Archura_game_engine-main\build\imgui.vcxproj]
  ('../external/imgui/backends/imgui_impl_glfw.cpp' kaynak dosyası derleniyor)
      C:\Program Files (x86)\Windows Kits\10\Include\10.0.26100.0\um\apiquery2.h(36,1):
      'APIENTRY' bildirimine bakın
  
C:\Program Files (x86)\Windows Kits\10\Include\10.0.26100.0\um\fileapi.h(1344,1): error C2146: sözdizimi hatası: ';' eksik ('FindNextStreamW' tanımlayıcısından önce) [C:\Users\4rchura\Documents\code_snippets\archura_game_engine\Archura_game_engine-main\build\imgui.vcxproj]
  ('../external/imgui/backends/imgui_impl_glfw.cpp' kaynak dosyası derleniyor)
  
C:\Program Files (x86)\Windows Kits\10\Include\10.0.26100.0\um\fileapi.h(1402,1): error C2370: 'APIENTRY': yeniden tanımlama; depolama sınıfı farklı [C:\Users\4rchura\Documents\code_snippets\archura_game_engine\Archura_game_engine-main\build\imgui.vcxproj]
  ('../external/imgui/backends/imgui_impl_glfw.cpp' kaynak dosyası derleniyor)
      C:\Program Files (x86)\Windows Kits\10\Include\10.0.26100.0\um\apiquery2.h(36,1):
      'APIENTRY' bildirimine bakın
  
C:\Program Files (x86)\Windows Kits\10\Include\10.0.26100.0\um\fileapi.h(1403,1): error C2146: sözdizimi hatası: ';' eksik ('FindNextFileNameW' tanımlayıcısından önce) [C:\Users\4rchura\Documents\code_snippets\archura_game_engine\Archura_game_engine-main\build\imgui.vcxproj]
  ('../external/imgui/backends/imgui_impl_glfw.cpp' kaynak dosyası derleniyor)
  
C:\Program Files (x86)\Windows Kits\10\Include\10.0.26100.0\um\debugapi.h(79,1): error C2370: 'APIENTRY': yeniden tanımlama; depolama sınıfı farklı [C:\Users\4rchura\Documents\code_snippets\archura_game_engine\Archura_game_engine-main\build\imgui.vcxproj]
  ('../external/imgui/backends/imgui_impl_glfw.cpp' kaynak dosyası derleniyor)
      C:\Program Files (x86)\Windows Kits\10\Include\10.0.26100.0\um\apiquery2.h(36,1):
      'APIENTRY' bildirimine bakın
  
C:\Program Files (x86)\Windows Kits\10\Include\10.0.26100.0\um\debugapi.h(80,1): error C2146: sözdizimi hatası: ';' eksik ('ContinueDebugEvent' tanımlayıcısından önce) [C:\Users\4rchura\Documents\code_snippets\archura_game_engine\Archura_game_engine-main\build\imgui.vcxproj]
  ('../external/imgui/backends/imgui_impl_glfw.cpp' kaynak dosyası derleniyor)
  
C:\Program Files (x86)\Windows Kits\10\Include\10.0.26100.0\um\debugapi.h(88,1): error C2370: 'APIENTRY': yeniden tanımlama; depolama sınıfı farklı [C:\Users\4rchura\Documents\code_snippets\archura_game_engine\Archura_game_engine-main\build\imgui.vcxproj]
  ('../external/imgui/backends/imgui_impl_glfw.cpp' kaynak dosyası derleniyor)
      C:\Program Files (x86)\Windows Kits\10\Include\10.0.26100.0\um\apiquery2.h(36,1):
      'APIENTRY' bildirimine bakın
  
C:\Program Files (x86)\Windows Kits\10\Include\10.0.26100.0\um\debugapi.h(89,1): error C2146: sözdizimi hatası: ';' eksik ('WaitForDebugEvent' tanımlayıcısından önce) [C:\Users\4rchura\Documents\code_snippets\archura_game_engine\Archura_game_engine-main\build\imgui.vcxproj]
  ('../external/imgui/backends/imgui_impl_glfw.cpp' kaynak dosyası derleniyor)
  
C:\Program Files (x86)\Windows Kits\10\Include\10.0.26100.0\um\debugapi.h(96,1): error C2370: 'APIENTRY': yeniden tanımlama; depolama sınıfı farklı [C:\Users\4rchura\Documents\code_snippets\archura_game_engine\Archura_game_engine-main\build\imgui.vcxproj]
  ('../external/imgui/backends/imgui_impl_glfw.cpp' kaynak dosyası derleniyor)
      C:\Program Files (x86)\Windows Kits\10\Include\10.0.26100.0\um\apiquery2.h(36,1):
      'APIENTRY' bildirimine bakın
  
C:\Program Files (x86)\Windows Kits\10\Include\10.0.26100.0\um\debugapi.h(97,1): error C2146: sözdizimi hatası: ';' eksik ('DebugActiveProcess' tanımlayıcısından önce) [C:\Users\4rchura\Documents\code_snippets\archura_game_engine\Archura_game_engine-main\build\imgui.vcxproj]
  ('../external/imgui/backends/imgui_impl_glfw.cpp' kaynak dosyası derleniyor)
  
C:\Program Files (x86)\Windows Kits\10\Include\10.0.26100.0\um\debugapi.h(103,1): error C2370: 'APIENTRY': yeniden tanımlama; depolama sınıfı farklı [C:\Users\4rchura\Documents\code_snippets\archura_game_engine\Archura_game_engine-main\build\imgui.vcxproj]
  ('../external/imgui/backends/imgui_impl_glfw.cpp' kaynak dosyası derleniyor)
      C:\Program Files (x86)\Windows Kits\10\Include\10.0.26100.0\um\apiquery2.h(36,1):
      'APIENTRY' bildirimine bakın
  
C:\Program Files (x86)\Windows Kits\10\Include\10.0.26100.0\um\debugapi.h(104,1): error C2146: sözdizimi hatası: ';' eksik ('DebugActiveProcessStop' tanımlayıcısından önce) [C:\Users\4rchura\Documents\code_snippets\archura_game_engine\Archura_game_engine-main\build\imgui.vcxproj]
  ('../external/imgui/backends/imgui_impl_glfw.cpp' kaynak dosyası derleniyor)
  
C:\Program Files (x86)\Windows Kits\10\Include\10.0.26100.0\um\debugapi.h(134,1): error C2370: 'APIENTRY': yeniden tanımlama; depolama sınıfı farklı [C:\Users\4rchura\Documents\code_snippets\archura_game_engine\Archura_game_engine-main\build\imgui.vcxproj]
  ('../external/imgui/backends/imgui_impl_glfw.cpp' kaynak dosyası derleniyor)
      C:\Program Files (x86)\Windows Kits\10\Include\10.0.26100.0\um\apiquery2.h(36,1):
      'APIENTRY' bildirimine bakın
  
C:\Program Files (x86)\Windows Kits\10\Include\10.0.26100.0\um\apiquery2.h(37,1): error C2146: sözdizimi hatası: ';' eksik ('IsApiSetImplemented' tanımlayıcısından önce) [C:\Users\4rchura\Documents\code_snippets\archura_game_engine\Archura_game_engine-main\build\imgui.vcxproj]
  ('../external/imgui/backends/imgui_impl_opengl3.cpp' kaynak dosyası derleniyor)
  
C:\Program Files (x86)\Windows Kits\10\Include\10.0.26100.0\um\debugapi.h(135,1): error C2146: sözdizimi hatası: ';' eksik ('WaitForDebugEventEx' tanımlayıcısından önce) [C:\Users\4rchura\Documents\code_snippets\archura_game_engine\Archura_game_engine-main\build\imgui.vcxproj]
  ('../external/imgui/backends/imgui_impl_glfw.cpp' kaynak dosyası derleniyor)
  
C:\Program Files (x86)\Windows Kits\10\Include\10.0.26100.0\um\apiquery2.h(43,1): error C2371: 'APIENTRY': yeniden tanımlama; temel türler farklı [C:\Users\4rchura\Documents\code_snippets\archura_game_engine\Archura_game_engine-main\build\imgui.vcxproj]
  ('../external/imgui/backends/imgui_impl_opengl3.cpp' kaynak dosyası derleniyor)
      C:\Program Files (x86)\Windows Kits\10\Include\10.0.26100.0\um\apiquery2.h(36,1):
      'APIENTRY' bildirimine bakın
  
C:\Program Files (x86)\Windows Kits\10\Include\10.0.26100.0\um\apiquery2.h(44,1): error C2146: sözdizimi hatası: ';' eksik ('GetApiSetModuleBaseName' tanımlayıcısından önce) [C:\Users\4rchura\Documents\code_snippets\archura_game_engine\Archura_game_engine-main\build\imgui.vcxproj]
  ('../external/imgui/backends/imgui_impl_opengl3.cpp' kaynak dosyası derleniyor)
  
C:\Program Files (x86)\Windows Kits\10\Include\10.0.26100.0\um\processenv.h(285,1): error C2371: 'APIENTRY': yeniden tanımlama; temel türler farklı [C:\Users\4rchura\Documents\code_snippets\archura_game_engine\Archura_game_engine-main\build\imgui.vcxproj]
  ('../external/imgui/backends/imgui_impl_opengl3.cpp' kaynak dosyası derleniyor)
      C:\Program Files (x86)\Windows Kits\10\Include\10.0.26100.0\um\apiquery2.h(36,1):
      'APIENTRY' bildirimine bakın
  
C:\Program Files (x86)\Windows Kits\10\Include\10.0.26100.0\um\processenv.h(286,1): error C2146: sözdizimi hatası: ';' eksik ('SearchPathA' tanımlayıcısından önce) [C:\Users\4rchura\Documents\code_snippets\archura_game_engine\Archura_game_engine-main\build\imgui.vcxproj]
  ('../external/imgui/backends/imgui_impl_opengl3.cpp' kaynak dosyası derleniyor)
  
C:\Program Files (x86)\Windows Kits\10\Include\10.0.26100.0\um\synchapi.h(504,11): error C2143: sözdizimi hatası: ')' eksik ('*' öncesinde) [C:\Users\4rchura\Documents\code_snippets\archura_game_engine\Archura_game_engine-main\build\imgui.vcxproj]
  ('../external/imgui/backends/imgui_impl_glfw.cpp' kaynak dosyası derleniyor)
  
C:\Program Files (x86)\Windows Kits\10\Include\10.0.26100.0\um\synchapi.h(504,11): error C2143: sözdizimi hatası: ';' eksik ('*' öncesinde) [C:\Users\4rchura\Documents\code_snippets\archura_game_engine\Archura_game_engine-main\build\imgui.vcxproj]
  ('../external/imgui/backends/imgui_impl_glfw.cpp' kaynak dosyası derleniyor)
  
C:\Program Files (x86)\Windows Kits\10\Include\10.0.26100.0\um\synchapi.h(504,2): error C2378: 'APIENTRY': yeniden tanımlama; simge başka herhangi bir typedef ile aşırı yüklenemez [C:\Users\4rchura\Documents\code_snippets\archura_game_engine\Archura_game_engine-main\build\imgui.vcxproj]
  ('../external/imgui/backends/imgui_impl_glfw.cpp' kaynak dosyası derleniyor)
      C:\Program Files (x86)\Windows Kits\10\Include\10.0.26100.0\um\apiquery2.h(36,1):
      'APIENTRY' bildirimine bakın
  
C:\Program Files (x86)\Windows Kits\10\Include\10.0.26100.0\um\synchapi.h(504,28): error C2059: sözdizimi hatası: ')' [C:\Users\4rchura\Documents\code_snippets\archura_game_engine\Archura_game_engine-main\build\imgui.vcxproj]
  ('../external/imgui/backends/imgui_impl_glfw.cpp' kaynak dosyası derleniyor)
  
C:\Program Files (x86)\Windows Kits\10\Include\10.0.26100.0\um\synchapi.h(532,14): error C2061: sözdizimi hatası: tanımlayıcı 'PTIMERAPCROUTINE' [C:\Users\4rchura\Documents\code_snippets\archura_game_engine\Archura_game_engine-main\build\imgui.vcxproj]
  ('../external/imgui/backends/imgui_impl_glfw.cpp' kaynak dosyası derleniyor)
  
C:\Program Files (x86)\Windows Kits\10\Include\10.0.26100.0\um\synchapi.h(547,14): error C2061: sözdizimi hatası: tanımlayıcı 'PTIMERAPCROUTINE' [C:\Users\4rchura\Documents\code_snippets\archura_game_engine\Archura_game_engine-main\build\imgui.vcxproj]
  ('../external/imgui/backends/imgui_impl_glfw.cpp' kaynak dosyası derleniyor)
  
C:\Program Files (x86)\Windows Kits\10\Include\10.0.26100.0\um\fileapi.h(1343,1): error C2370: 'APIENTRY': yeniden tanımlama; depolama sınıfı farklı [C:\Users\4rchura\Documents\code_snippets\archura_game_engine\Archura_game_engine-main\build\imgui.vcxproj]
  ('../external/imgui/backends/imgui_impl_opengl3.cpp' kaynak dosyası derleniyor)
      C:\Program Files (x86)\Windows Kits\10\Include\10.0.26100.0\um\apiquery2.h(36,1):
      'APIENTRY' bildirimine bakın
  
C:\Program Files (x86)\Windows Kits\10\Include\10.0.26100.0\um\fileapi.h(1344,1): error C2146: sözdizimi hatası: ';' eksik ('FindNextStreamW' tanımlayıcısından önce) [C:\Users\4rchura\Documents\code_snippets\archura_game_engine\Archura_game_engine-main\build\imgui.vcxproj]
  ('../external/imgui/backends/imgui_impl_opengl3.cpp' kaynak dosyası derleniyor)
  
C:\Program Files (x86)\Windows Kits\10\Include\10.0.26100.0\um\fileapi.h(1402,1): error C2370: 'APIENTRY': yeniden tanımlama; depolama sınıfı farklı [C:\Users\4rchura\Documents\code_snippets\archura_game_engine\Archura_game_engine-main\build\imgui.vcxproj]
  ('../external/imgui/backends/imgui_impl_opengl3.cpp' kaynak dosyası derleniyor)
      C:\Program Files (x86)\Windows Kits\10\Include\10.0.26100.0\um\apiquery2.h(36,1):
      'APIENTRY' bildirimine bakın
  
C:\Program Files (x86)\Windows Kits\10\Include\10.0.26100.0\um\fileapi.h(1403,1): error C2146: sözdizimi hatası: ';' eksik ('FindNextFileNameW' tanımlayıcısından önce) [C:\Users\4rchura\Documents\code_snippets\archura_game_engine\Archura_game_engine-main\build\imgui.vcxproj]
  ('../external/imgui/backends/imgui_impl_opengl3.cpp' kaynak dosyası derleniyor)
  
C:\Program Files (x86)\Windows Kits\10\Include\10.0.26100.0\um\processthreadsapi.h(523,1): error C2370: 'APIENTRY': yeniden tanımlama; depolama sınıfı farklı [C:\Users\4rchura\Documents\code_snippets\archura_game_engine\Archura_game_engine-main\build\imgui.vcxproj]
  ('../external/imgui/backends/imgui_impl_glfw.cpp' kaynak dosyası derleniyor)
      C:\Program Files (x86)\Windows Kits\10\Include\10.0.26100.0\um\apiquery2.h(36,1):
      'APIENTRY' bildirimine bakın
  
C:\Program Files (x86)\Windows Kits\10\Include\10.0.26100.0\um\processthreadsapi.h(524,1): error C2146: sözdizimi hatası: ';' eksik ('SetThreadToken' tanımlayıcısından önce) [C:\Users\4rchura\Documents\code_snippets\archura_game_engine\Archura_game_engine-main\build\imgui.vcxproj]
  ('../external/imgui/backends/imgui_impl_glfw.cpp' kaynak dosyası derleniyor)
  
C:\Program Files (x86)\Windows Kits\10\Include\10.0.26100.0\um\debugapi.h(79,1): error C2370: 'APIENTRY': yeniden tanımlama; depolama sınıfı farklı [C:\Users\4rchura\Documents\code_snippets\archura_game_engine\Archura_game_engine-main\build\imgui.vcxproj]
  ('../external/imgui/backends/imgui_impl_opengl3.cpp' kaynak dosyası derleniyor)
      C:\Program Files (x86)\Windows Kits\10\Include\10.0.26100.0\um\apiquery2.h(36,1):
      'APIENTRY' bildirimine bakın
  
C:\Program Files (x86)\Windows Kits\10\Include\10.0.26100.0\um\debugapi.h(80,1): error C2146: sözdizimi hatası: ';' eksik ('ContinueDebugEvent' tanımlayıcısından önce) [C:\Users\4rchura\Documents\code_snippets\archura_game_engine\Archura_game_engine-main\build\imgui.vcxproj]
  ('../external/imgui/backends/imgui_impl_opengl3.cpp' kaynak dosyası derleniyor)
  
C:\Program Files (x86)\Windows Kits\10\Include\10.0.26100.0\um\debugapi.h(88,1): error C2370: 'APIENTRY': yeniden tanımlama; depolama sınıfı farklı [C:\Users\4rchura\Documents\code_snippets\archura_game_engine\Archura_game_engine-main\build\imgui.vcxproj]
  ('../external/imgui/backends/imgui_impl_opengl3.cpp' kaynak dosyası derleniyor)
      C:\Program Files (x86)\Windows Kits\10\Include\10.0.26100.0\um\apiquery2.h(36,1):
      'APIENTRY' bildirimine bakın
  
C:\Program Files (x86)\Windows Kits\10\Include\10.0.26100.0\um\debugapi.h(89,1): error C2146: sözdizimi hatası: ';' eksik ('WaitForDebugEvent' tanımlayıcısından önce) [C:\Users\4rchura\Documents\code_snippets\archura_game_engine\Archura_game_engine-main\build\imgui.vcxproj]
  ('../external/imgui/backends/imgui_impl_opengl3.cpp' kaynak dosyası derleniyor)
  
C:\Program Files (x86)\Windows Kits\10\Include\10.0.26100.0\um\debugapi.h(96,1): error C2370: 'APIENTRY': yeniden tanımlama; depolama sınıfı farklı [C:\Users\4rchura\Documents\code_snippets\archura_game_engine\Archura_game_engine-main\build\imgui.vcxproj]
  ('../external/imgui/backends/imgui_impl_opengl3.cpp' kaynak dosyası derleniyor)
      C:\Program Files (x86)\Windows Kits\10\Include\10.0.26100.0\um\apiquery2.h(36,1):
      'APIENTRY' bildirimine bakın
  
C:\Program Files (x86)\Windows Kits\10\Include\10.0.26100.0\um\debugapi.h(97,1): error C2146: sözdizimi hatası: ';' eksik ('DebugActiveProcess' tanımlayıcısından önce) [C:\Users\4rchura\Documents\code_snippets\archura_game_engine\Archura_game_engine-main\build\imgui.vcxproj]
  ('../external/imgui/backends/imgui_impl_opengl3.cpp' kaynak dosyası derleniyor)
  
C:\Program Files (x86)\Windows Kits\10\Include\10.0.26100.0\um\debugapi.h(103,1): error C2370: 'APIENTRY': yeniden tanımlama; depolama sınıfı farklı [C:\Users\4rchura\Documents\code_snippets\archura_game_engine\Archura_game_engine-main\build\imgui.vcxproj]
  ('../external/imgui/backends/imgui_impl_opengl3.cpp' kaynak dosyası derleniyor)
      C:\Program Files (x86)\Windows Kits\10\Include\10.0.26100.0\um\apiquery2.h(36,1):
      'APIENTRY' bildirimine bakın
  
C:\Program Files (x86)\Windows Kits\10\Include\10.0.26100.0\um\debugapi.h(104,1): error C2146: sözdizimi hatası: ';' eksik ('DebugActiveProcessStop' tanımlayıcısından önce) [C:\Users\4rchura\Documents\code_snippets\archura_game_engine\Archura_game_engine-main\build\imgui.vcxproj]
  ('../external/imgui/backends/imgui_impl_opengl3.cpp' kaynak dosyası derleniyor)
  
C:\Program Files (x86)\Windows Kits\10\Include\10.0.26100.0\um\debugapi.h(134,1): error C2370: 'APIENTRY': yeniden tanımlama; depolama sınıfı farklı [C:\Users\4rchura\Documents\code_snippets\archura_game_engine\Archura_game_engine-main\build\imgui.vcxproj]
  ('../external/imgui/backends/imgui_impl_opengl3.cpp' kaynak dosyası derleniyor)
      C:\Program Files (x86)\Windows Kits\10\Include\10.0.26100.0\um\apiquery2.h(36,1):
      'APIENTRY' bildirimine bakın
  
C:\Program Files (x86)\Windows Kits\10\Include\10.0.26100.0\um\debugapi.h(135,1): error C2146: sözdizimi hatası: ';' eksik ('WaitForDebugEventEx' tanımlayıcısından önce) [C:\Users\4rchura\Documents\code_snippets\archura_game_engine\Archura_game_engine-main\build\imgui.vcxproj]
  ('../external/imgui/backends/imgui_impl_opengl3.cpp' kaynak dosyası derleniyor)
  
C:\Program Files (x86)\Windows Kits\10\Include\10.0.26100.0\um\synchapi.h(504,11): error C2143: sözdizimi hatası: ')' eksik ('*' öncesinde) [C:\Users\4rchura\Documents\code_snippets\archura_game_engine\Archura_game_engine-main\build\imgui.vcxproj]
  ('../external/imgui/backends/imgui_impl_opengl3.cpp' kaynak dosyası derleniyor)
  
C:\Program Files (x86)\Windows Kits\10\Include\10.0.26100.0\um\synchapi.h(504,11): error C2143: sözdizimi hatası: ';' eksik ('*' öncesinde) [C:\Users\4rchura\Documents\code_snippets\archura_game_engine\Archura_game_engine-main\build\imgui.vcxproj]
  ('../external/imgui/backends/imgui_impl_opengl3.cpp' kaynak dosyası derleniyor)
  
C:\Program Files (x86)\Windows Kits\10\Include\10.0.26100.0\um\synchapi.h(504,2): error C2378: 'APIENTRY': yeniden tanımlama; simge başka herhangi bir typedef ile aşırı yüklenemez [C:\Users\4rchura\Documents\code_snippets\archura_game_engine\Archura_game_engine-main\build\imgui.vcxproj]
  ('../external/imgui/backends/imgui_impl_opengl3.cpp' kaynak dosyası derleniyor)
      C:\Program Files (x86)\Windows Kits\10\Include\10.0.26100.0\um\apiquery2.h(36,1):
      'APIENTRY' bildirimine bakın
  
C:\Program Files (x86)\Windows Kits\10\Include\10.0.26100.0\um\synchapi.h(504,28): error C2059: sözdizimi hatası: ')' [C:\Users\4rchura\Documents\code_snippets\archura_game_engine\Archura_game_engine-main\build\imgui.vcxproj]
  ('../external/imgui/backends/imgui_impl_opengl3.cpp' kaynak dosyası derleniyor)
  
C:\Program Files (x86)\Windows Kits\10\Include\10.0.26100.0\um\synchapi.h(532,14): error C2061: sözdizimi hatası: tanımlayıcı 'PTIMERAPCROUTINE' [C:\Users\4rchura\Documents\code_snippets\archura_game_engine\Archura_game_engine-main\build\imgui.vcxproj]
  ('../external/imgui/backends/imgui_impl_opengl3.cpp' kaynak dosyası derleniyor)
  
C:\Program Files (x86)\Windows Kits\10\Include\10.0.26100.0\um\synchapi.h(547,14): error C2061: sözdizimi hatası: tanımlayıcı 'PTIMERAPCROUTINE' [C:\Users\4rchura\Documents\code_snippets\archura_game_engine\Archura_game_engine-main\build\imgui.vcxproj]
  ('../external/imgui/backends/imgui_impl_opengl3.cpp' kaynak dosyası derleniyor)
  
C:\Program Files (x86)\Windows Kits\10\Include\10.0.26100.0\um\processthreadsapi.h(523,1): error C2370: 'APIENTRY': yeniden tanımlama; depolama sınıfı farklı [C:\Users\4rchura\Documents\code_snippets\archura_game_engine\Archura_game_engine-main\build\imgui.vcxproj]
  ('../external/imgui/backends/imgui_impl_opengl3.cpp' kaynak dosyası derleniyor)
      C:\Program Files (x86)\Windows Kits\10\Include\10.0.26100.0\um\apiquery2.h(36,1):
      'APIENTRY' bildirimine bakın
  
C:\Program Files (x86)\Windows Kits\10\Include\10.0.26100.0\um\processthreadsapi.h(524,1): error C2146: sözdizimi hatası: ';' eksik ('SetThreadToken' tanımlayıcısından önce) [C:\Users\4rchura\Documents\code_snippets\archura_game_engine\Archura_game_engine-main\build\imgui.vcxproj]
  ('../external/imgui/backends/imgui_impl_opengl3.cpp' kaynak dosyası derleniyor)
  
C:\Program Files (x86)\Windows Kits\10\Include\10.0.26100.0\um\libloaderapi.h(487,1): error C2370: 'APIENTRY': yeniden tanımlama; depolama sınıfı farklı [C:\Users\4rchura\Documents\code_snippets\archura_game_engine\Archura_game_engine-main\build\imgui.vcxproj]
  ('../external/imgui/backends/imgui_impl_glfw.cpp' kaynak dosyası derleniyor)
      C:\Program Files (x86)\Windows Kits\10\Include\10.0.26100.0\um\apiquery2.h(36,1):
      'APIENTRY' bildirimine bakın
  
C:\Program Files (x86)\Windows Kits\10\Include\10.0.26100.0\um\libloaderapi.h(488,1): error C2146: sözdizimi hatası: ';' eksik ('EnumResourceLanguagesExA' tanımlayıcısından önce) [C:\Users\4rchura\Documents\code_snippets\archura_game_engine\Archura_game_engine-main\build\imgui.vcxproj]
  ('../external/imgui/backends/imgui_impl_glfw.cpp' kaynak dosyası derleniyor)
  
C:\Program Files (x86)\Windows Kits\10\Include\10.0.26100.0\um\libloaderapi.h(500,1): error C2370: 'APIENTRY': yeniden tanımlama; depolama sınıfı farklı [C:\Users\4rchura\Documents\code_snippets\archura_game_engine\Archura_game_engine-main\build\imgui.vcxproj]
  ('../external/imgui/backends/imgui_impl_glfw.cpp' kaynak dosyası derleniyor)
      C:\Program Files (x86)\Windows Kits\10\Include\10.0.26100.0\um\apiquery2.h(36,1):
      'APIENTRY' bildirimine bakın
  
C:\Program Files (x86)\Windows Kits\10\Include\10.0.26100.0\um\libloaderapi.h(501,1): error C2146: sözdizimi hatası: ';' eksik ('EnumResourceLanguagesExW' tanımlayıcısından önce) [C:\Users\4rchura\Documents\code_snippets\archura_game_engine\Archura_game_engine-main\build\imgui.vcxproj]
  ('../external/imgui/backends/imgui_impl_glfw.cpp' kaynak dosyası derleniyor)
  
C:\Program Files (x86)\Windows Kits\10\Include\10.0.26100.0\um\libloaderapi.h(487,1): error C2370: 'APIENTRY': yeniden tanımlama; depolama sınıfı farklı [C:\Users\4rchura\Documents\code_snippets\archura_game_engine\Archura_game_engine-main\build\imgui.vcxproj]
  ('../external/imgui/backends/imgui_impl_opengl3.cpp' kaynak dosyası derleniyor)
      C:\Program Files (x86)\Windows Kits\10\Include\10.0.26100.0\um\apiquery2.h(36,1):
      'APIENTRY' bildirimine bakın
  
C:\Program Files (x86)\Windows Kits\10\Include\10.0.26100.0\um\libloaderapi.h(488,1): error C2146: sözdizimi hatası: ';' eksik ('EnumResourceLanguagesExA' tanımlayıcısından önce) [C:\Users\4rchura\Documents\code_snippets\archura_game_engine\Archura_game_engine-main\build\imgui.vcxproj]
  ('../external/imgui/backends/imgui_impl_opengl3.cpp' kaynak dosyası derleniyor)
  
C:\Program Files (x86)\Windows Kits\10\Include\10.0.26100.0\um\libloaderapi.h(500,1): error C2370: 'APIENTRY': yeniden tanımlama; depolama sınıfı farklı [C:\Users\4rchura\Documents\code_snippets\archura_game_engine\Archura_game_engine-main\build\imgui.vcxproj]
  ('../external/imgui/backends/imgui_impl_opengl3.cpp' kaynak dosyası derleniyor)
      C:\Program Files (x86)\Windows Kits\10\Include\10.0.26100.0\um\apiquery2.h(36,1):
      'APIENTRY' bildirimine bakın
  
C:\Program Files (x86)\Windows Kits\10\Include\10.0.26100.0\um\libloaderapi.h(501,1): error C2146: sözdizimi hatası: ';' eksik ('EnumResourceLanguagesExW' tanımlayıcısından önce) [C:\Users\4rchura\Documents\code_snippets\archura_game_engine\Archura_game_engine-main\build\imgui.vcxproj]
  ('../external/imgui/backends/imgui_impl_opengl3.cpp' kaynak dosyası derleniyor)
  
C:\Program Files (x86)\Windows Kits\10\Include\10.0.26100.0\um\securitybaseapi.h(475,1): error C2370: 'APIENTRY': yeniden tanımlama; depolama sınıfı farklı [C:\Users\4rchura\Documents\code_snippets\archura_game_engine\Archura_game_engine-main\build\imgui.vcxproj]
  ('../external/imgui/backends/imgui_impl_glfw.cpp' kaynak dosyası derleniyor)
      C:\Program Files (x86)\Windows Kits\10\Include\10.0.26100.0\um\apiquery2.h(36,1):
      'APIENTRY' bildirimine bakın
  
C:\Program Files (x86)\Windows Kits\10\Include\10.0.26100.0\um\securitybaseapi.h(476,1): error C2146: sözdizimi hatası: ';' eksik ('CheckTokenMembership' tanımlayıcısından önce) [C:\Users\4rchura\Documents\code_snippets\archura_game_engine\Archura_game_engine-main\build\imgui.vcxproj]
  ('../external/imgui/backends/imgui_impl_glfw.cpp' kaynak dosyası derleniyor)
  
C:\Program Files (x86)\Windows Kits\10\Include\10.0.26100.0\um\securitybaseapi.h(492,1): error C2370: 'APIENTRY': yeniden tanımlama; depolama sınıfı farklı [C:\Users\4rchura\Documents\code_snippets\archura_game_engine\Archura_game_engine-main\build\imgui.vcxproj]
  ('../external/imgui/backends/imgui_impl_glfw.cpp' kaynak dosyası derleniyor)
      C:\Program Files (x86)\Windows Kits\10\Include\10.0.26100.0\um\apiquery2.h(36,1):
      'APIENTRY' bildirimine bakın
  
C:\Program Files (x86)\Windows Kits\10\Include\10.0.26100.0\um\securitybaseapi.h(493,1): error C2146: sözdizimi hatası: ';' eksik ('CheckTokenCapability' tanımlayıcısından önce) [C:\Users\4rchura\Documents\code_snippets\archura_game_engine\Archura_game_engine-main\build\imgui.vcxproj]
  ('../external/imgui/backends/imgui_impl_glfw.cpp' kaynak dosyası derleniyor)
  
C:\Program Files (x86)\Windows Kits\10\Include\10.0.26100.0\um\securitybaseapi.h(501,1): error C2370: 'APIENTRY': yeniden tanımlama; depolama sınıfı farklı [C:\Users\4rchura\Documents\code_snippets\archura_game_engine\Archura_game_engine-main\build\imgui.vcxproj]
  ('../external/imgui/backends/imgui_impl_glfw.cpp' kaynak dosyası derleniyor)
      C:\Program Files (x86)\Windows Kits\10\Include\10.0.26100.0\um\apiquery2.h(36,1):
      'APIENTRY' bildirimine bakın
  
C:\Program Files (x86)\Windows Kits\10\Include\10.0.26100.0\um\securitybaseapi.h(502,1): error C2146: sözdizimi hatası: ';' eksik ('GetAppContainerAce' tanımlayıcısından önce) [C:\Users\4rchura\Documents\code_snippets\archura_game_engine\Archura_game_engine-main\build\imgui.vcxproj]
  ('../external/imgui/backends/imgui_impl_glfw.cpp' kaynak dosyası derleniyor)
  
C:\Program Files (x86)\Windows Kits\10\Include\10.0.26100.0\um\securitybaseapi.h(517,1): error C2370: 'APIENTRY': yeniden tanımlama; depolama sınıfı farklı [C:\Users\4rchura\Documents\code_snippets\archura_game_engine\Archura_game_engine-main\build\imgui.vcxproj]
  ('../external/imgui/backends/imgui_impl_glfw.cpp' kaynak dosyası derleniyor)
      C:\Program Files (x86)\Windows Kits\10\Include\10.0.26100.0\um\apiquery2.h(36,1):
      'APIENTRY' bildirimine bakın
  
C:\Program Files (x86)\Windows Kits\10\Include\10.0.26100.0\um\securitybaseapi.h(518,1): error C2146: sözdizimi hatası: ';' eksik ('CheckTokenMembershipEx' tanımlayıcısından önce) [C:\Users\4rchura\Documents\code_snippets\archura_game_engine\Archura_game_engine-main\build\imgui.vcxproj]
  ('../external/imgui/backends/imgui_impl_glfw.cpp' kaynak dosyası derleniyor)
  
C:\Program Files (x86)\Windows Kits\10\Include\10.0.26100.0\um\securitybaseapi.h(475,1): error C2370: 'APIENTRY': yeniden tanımlama; depolama sınıfı farklı [C:\Users\4rchura\Documents\code_snippets\archura_game_engine\Archura_game_engine-main\build\imgui.vcxproj]
  ('../external/imgui/backends/imgui_impl_opengl3.cpp' kaynak dosyası derleniyor)
      C:\Program Files (x86)\Windows Kits\10\Include\10.0.26100.0\um\apiquery2.h(36,1):
      'APIENTRY' bildirimine bakın
  
C:\Program Files (x86)\Windows Kits\10\Include\10.0.26100.0\um\securitybaseapi.h(476,1): error C2146: sözdizimi hatası: ';' eksik ('CheckTokenMembership' tanımlayıcısından önce) [C:\Users\4rchura\Documents\code_snippets\archura_game_engine\Archura_game_engine-main\build\imgui.vcxproj]
  ('../external/imgui/backends/imgui_impl_opengl3.cpp' kaynak dosyası derleniyor)
  
C:\Program Files (x86)\Windows Kits\10\Include\10.0.26100.0\um\securitybaseapi.h(609,1): error C2370: 'APIENTRY': yeniden tanımlama; depolama sınıfı farklı [C:\Users\4rchura\Documents\code_snippets\archura_game_engine\Archura_game_engine-main\build\imgui.vcxproj]
  ('../external/imgui/backends/imgui_impl_glfw.cpp' kaynak dosyası derleniyor)
      C:\Program Files (x86)\Windows Kits\10\Include\10.0.26100.0\um\apiquery2.h(36,1):
      'APIENTRY' bildirimine bakın
  
C:\Program Files (x86)\Windows Kits\10\Include\10.0.26100.0\um\securitybaseapi.h(610,1): error C2146: sözdizimi hatası: ';' eksik ('CreateRestrictedToken' tanımlayıcısından önce) [C:\Users\4rchura\Documents\code_snippets\archura_game_engine\Archura_game_engine-main\build\imgui.vcxproj]
  ('../external/imgui/backends/imgui_impl_glfw.cpp' kaynak dosyası derleniyor)
  
C:\Program Files (x86)\Windows Kits\10\Include\10.0.26100.0\um\securitybaseapi.h(492,1): error C2370: 'APIENTRY': yeniden tanımlama; depolama sınıfı farklı [C:\Users\4rchura\Documents\code_snippets\archura_game_engine\Archura_game_engine-main\build\imgui.vcxproj]
  ('../external/imgui/backends/imgui_impl_opengl3.cpp' kaynak dosyası derleniyor)
      C:\Program Files (x86)\Windows Kits\10\Include\10.0.26100.0\um\apiquery2.h(36,1):
      'APIENTRY' bildirimine bakın
  
C:\Program Files (x86)\Windows Kits\10\Include\10.0.26100.0\um\securitybaseapi.h(493,1): error C2146: sözdizimi hatası: ';' eksik ('CheckTokenCapability' tanımlayıcısından önce) [C:\Users\4rchura\Documents\code_snippets\archura_game_engine\Archura_game_engine-main\build\imgui.vcxproj]
  ('../external/imgui/backends/imgui_impl_opengl3.cpp' kaynak dosyası derleniyor)
  
C:\Program Files (x86)\Windows Kits\10\Include\10.0.26100.0\um\securitybaseapi.h(501,1): error C2370: 'APIENTRY': yeniden tanımlama; depolama sınıfı farklı [C:\Users\4rchura\Documents\code_snippets\archura_game_engine\Archura_game_engine-main\build\imgui.vcxproj]
  ('../external/imgui/backends/imgui_impl_opengl3.cpp' kaynak dosyası derleniyor)
      C:\Program Files (x86)\Windows Kits\10\Include\10.0.26100.0\um\apiquery2.h(36,1):
      'APIENTRY' bildirimine bakın
  
C:\Program Files (x86)\Windows Kits\10\Include\10.0.26100.0\um\securitybaseapi.h(502,1): error C2146: sözdizimi hatası: ';' eksik ('GetAppContainerAce' tanımlayıcısından önce) [C:\Users\4rchura\Documents\code_snippets\archura_game_engine\Archura_game_engine-main\build\imgui.vcxproj]
  ('../external/imgui/backends/imgui_impl_opengl3.cpp' kaynak dosyası derleniyor)
  
C:\Program Files (x86)\Windows Kits\10\Include\10.0.26100.0\um\securitybaseapi.h(958,1): error C2370: 'APIENTRY': yeniden tanımlama; depolama sınıfı farklı [C:\Users\4rchura\Documents\code_snippets\archura_game_engine\Archura_game_engine-main\build\imgui.vcxproj]
  ('../external/imgui/backends/imgui_impl_glfw.cpp' kaynak dosyası derleniyor)
      C:\Program Files (x86)\Windows Kits\10\Include\10.0.26100.0\um\apiquery2.h(36,1):
      'APIENTRY' bildirimine bakın
  
C:\Program Files (x86)\Windows Kits\10\Include\10.0.26100.0\um\securitybaseapi.h(517,1): error C2370: 'APIENTRY': yeniden tanımlama; depolama sınıfı farklı [C:\Users\4rchura\Documents\code_snippets\archura_game_engine\Archura_game_engine-main\build\imgui.vcxproj]
  ('../external/imgui/backends/imgui_impl_opengl3.cpp' kaynak dosyası derleniyor)
      C:\Program Files (x86)\Windows Kits\10\Include\10.0.26100.0\um\apiquery2.h(36,1):
      'APIENTRY' bildirimine bakın
  
C:\Program Files (x86)\Windows Kits\10\Include\10.0.26100.0\um\securitybaseapi.h(959,1): error C2146: sözdizimi hatası: ';' eksik ('ImpersonateAnonymousToken' tanımlayıcısından önce) [C:\Users\4rchura\Documents\code_snippets\archura_game_engine\Archura_game_engine-main\build\imgui.vcxproj]
  ('../external/imgui/backends/imgui_impl_glfw.cpp' kaynak dosyası derleniyor)
  
C:\Program Files (x86)\Windows Kits\10\Include\10.0.26100.0\um\securitybaseapi.h(518,1): error C2146: sözdizimi hatası: ';' eksik ('CheckTokenMembershipEx' tanımlayıcısından önce) [C:\Users\4rchura\Documents\code_snippets\archura_game_engine\Archura_game_engine-main\build\imgui.vcxproj]
  ('../external/imgui/backends/imgui_impl_opengl3.cpp' kaynak dosyası derleniyor)
  
C:\Program Files (x86)\Windows Kits\10\Include\10.0.26100.0\um\securitybaseapi.h(609,1): error C2370: 'APIENTRY': yeniden tanımlama; depolama sınıfı farklı [C:\Users\4rchura\Documents\code_snippets\archura_game_engine\Archura_game_engine-main\build\imgui.vcxproj]
  ('../external/imgui/backends/imgui_impl_opengl3.cpp' kaynak dosyası derleniyor)
      C:\Program Files (x86)\Windows Kits\10\Include\10.0.26100.0\um\apiquery2.h(36,1):
      'APIENTRY' bildirimine bakın
  
C:\Program Files (x86)\Windows Kits\10\Include\10.0.26100.0\um\securitybaseapi.h(610,1): error C2146: sözdizimi hatası: ';' eksik ('CreateRestrictedToken' tanımlayıcısından önce) [C:\Users\4rchura\Documents\code_snippets\archura_game_engine\Archura_game_engine-main\build\imgui.vcxproj]
  ('../external/imgui/backends/imgui_impl_opengl3.cpp' kaynak dosyası derleniyor)
  
C:\Program Files (x86)\Windows Kits\10\Include\10.0.26100.0\um\securitybaseapi.h(958,1): error C2370: 'APIENTRY': yeniden tanımlama; depolama sınıfı farklı [C:\Users\4rchura\Documents\code_snippets\archura_game_engine\Archura_game_engine-main\build\imgui.vcxproj]
  ('../external/imgui/backends/imgui_impl_opengl3.cpp' kaynak dosyası derleniyor)
      C:\Program Files (x86)\Windows Kits\10\Include\10.0.26100.0\um\apiquery2.h(36,1):
      'APIENTRY' bildirimine bakın
  
C:\Program Files (x86)\Windows Kits\10\Include\10.0.26100.0\um\securitybaseapi.h(959,1): error C2146: sözdizimi hatası: ';' eksik ('ImpersonateAnonymousToken' tanımlayıcısından önce) [C:\Users\4rchura\Documents\code_snippets\archura_game_engine\Archura_game_engine-main\build\imgui.vcxproj]
  ('../external/imgui/backends/imgui_impl_opengl3.cpp' kaynak dosyası derleniyor)
  
C:\Program Files (x86)\Windows Kits\10\Include\10.0.26100.0\um\winbase.h(8060,1): error C2040: 'APIENTRY': 'HANDLE', yöneltme düzeyi sayısı bakımından 'BOOL' ile aynı değil [C:\Users\4rchura\Documents\code_snippets\archura_game_engine\Archura_game_engine-main\build\imgui.vcxproj]
  ('../external/imgui/backends/imgui_impl_glfw.cpp' kaynak dosyası derleniyor)
  
C:\Program Files (x86)\Windows Kits\10\Include\10.0.26100.0\um\winbase.h(8061,1): error C2146: sözdizimi hatası: ';' eksik ('CreateBoundaryDescriptorA' tanımlayıcısından önce) [C:\Users\4rchura\Documents\code_snippets\archura_game_engine\Archura_game_engine-main\build\imgui.vcxproj]
  ('../external/imgui/backends/imgui_impl_glfw.cpp' kaynak dosyası derleniyor)
  
C:\Program Files (x86)\Windows Kits\10\Include\10.0.26100.0\um\winbase.h(8060,1): error C2040: 'APIENTRY': 'HANDLE', yöneltme düzeyi sayısı bakımından 'BOOL' ile aynı değil [C:\Users\4rchura\Documents\code_snippets\archura_game_engine\Archura_game_engine-main\build\imgui.vcxproj]
  ('../external/imgui/backends/imgui_impl_opengl3.cpp' kaynak dosyası derleniyor)
  
C:\Program Files (x86)\Windows Kits\10\Include\10.0.26100.0\um\winbase.h(8061,1): error C2146: sözdizimi hatası: ';' eksik ('CreateBoundaryDescriptorA' tanımlayıcısından önce) [C:\Users\4rchura\Documents\code_snippets\archura_game_engine\Archura_game_engine-main\build\imgui.vcxproj]
  ('../external/imgui/backends/imgui_impl_opengl3.cpp' kaynak dosyası derleniyor)
  
C:\Program Files (x86)\Windows Kits\10\Include\10.0.26100.0\um\winbase.h(9474,1): error C2371: 'APIENTRY': yeniden tanımlama; temel türler farklı [C:\Users\4rchura\Documents\code_snippets\archura_game_engine\Archura_game_engine-main\build\imgui.vcxproj]
  ('../external/imgui/backends/imgui_impl_glfw.cpp' kaynak dosyası derleniyor)
      C:\Program Files (x86)\Windows Kits\10\Include\10.0.26100.0\um\apiquery2.h(36,1):
      'APIENTRY' bildirimine bakın
  
C:\Program Files (x86)\Windows Kits\10\Include\10.0.26100.0\um\winbase.h(9475,1): error C2146: sözdizimi hatası: ';' eksik ('CreateSymbolicLinkA' tanımlayıcısından önce) [C:\Users\4rchura\Documents\code_snippets\archura_game_engine\Archura_game_engine-main\build\imgui.vcxproj]
  ('../external/imgui/backends/imgui_impl_glfw.cpp' kaynak dosyası derleniyor)
  
C:\Program Files (x86)\Windows Kits\10\Include\10.0.26100.0\um\winbase.h(9482,1): error C2371: 'APIENTRY': yeniden tanımlama; temel türler farklı [C:\Users\4rchura\Documents\code_snippets\archura_game_engine\Archura_game_engine-main\build\imgui.vcxproj]
  ('../external/imgui/backends/imgui_impl_glfw.cpp' kaynak dosyası derleniyor)
      C:\Program Files (x86)\Windows Kits\10\Include\10.0.26100.0\um\apiquery2.h(36,1):
      'APIENTRY' bildirimine bakın
  
C:\Program Files (x86)\Windows Kits\10\Include\10.0.26100.0\um\winbase.h(9483,1): error C2146: sözdizimi hatası: ';' eksik ('CreateSymbolicLinkW' tanımlayıcısından önce) [C:\Users\4rchura\Documents\code_snippets\archura_game_engine\Archura_game_engine-main\build\imgui.vcxproj]
  ('../external/imgui/backends/imgui_impl_glfw.cpp' kaynak dosyası derleniyor)
  
C:\Program Files (x86)\Windows Kits\10\Include\10.0.26100.0\um\winbase.h(9523,1): error C2371: 'APIENTRY': yeniden tanımlama; temel türler farklı [C:\Users\4rchura\Documents\code_snippets\archura_game_engine\Archura_game_engine-main\build\imgui.vcxproj]
  ('../external/imgui/backends/imgui_impl_glfw.cpp' kaynak dosyası derleniyor)
      C:\Program Files (x86)\Windows Kits\10\Include\10.0.26100.0\um\apiquery2.h(36,1):
      'APIENTRY' bildirimine bakın
  
C:\Program Files (x86)\Windows Kits\10\Include\10.0.26100.0\um\winbase.h(9524,1): error C2146: sözdizimi hatası: ';' eksik ('CreateSymbolicLinkTransactedA' tanımlayıcısından önce) [C:\Users\4rchura\Documents\code_snippets\archura_game_engine\Archura_game_engine-main\build\imgui.vcxproj]
  ('../external/imgui/backends/imgui_impl_glfw.cpp' kaynak dosyası derleniyor)
  
C:\Program Files (x86)\Windows Kits\10\Include\10.0.26100.0\um\winbase.h(9532,1): error C2371: 'APIENTRY': yeniden tanımlama; temel türler farklı [C:\Users\4rchura\Documents\code_snippets\archura_game_engine\Archura_game_engine-main\build\imgui.vcxproj]
  ('../external/imgui/backends/imgui_impl_glfw.cpp' kaynak dosyası derleniyor)
      C:\Program Files (x86)\Windows Kits\10\Include\10.0.26100.0\um\apiquery2.h(36,1):
      'APIENTRY' bildirimine bakın
  
C:\Program Files (x86)\Windows Kits\10\Include\10.0.26100.0\um\winbase.h(9533,1): error C2146: sözdizimi hatası: ';' eksik ('CreateSymbolicLinkTransactedW' tanımlayıcısından önce) [C:\Users\4rchura\Documents\code_snippets\archura_game_engine\Archura_game_engine-main\build\imgui.vcxproj]
  ('../external/imgui/backends/imgui_impl_glfw.cpp' kaynak dosyası derleniyor)
  
C:\Program Files (x86)\Windows Kits\10\Include\10.0.26100.0\um\winbase.h(9712,1): error C2371: 'APIENTRY': yeniden tanımlama; temel türler farklı [C:\Users\4rchura\Documents\code_snippets\archura_game_engine\Archura_game_engine-main\build\imgui.vcxproj]
  ('../external/imgui/backends/imgui_impl_glfw.cpp' kaynak dosyası derleniyor)
      C:\Program Files (x86)\Windows Kits\10\Include\10.0.26100.0\um\apiquery2.h(36,1):
      'APIENTRY' bildirimine bakın
  
C:\Program Files (x86)\Windows Kits\10\Include\10.0.26100.0\um\winbase.h(9713,1): error C2146: sözdizimi hatası: ';' eksik ('EnableThreadProfiling' tanımlayıcısından önce) [C:\Users\4rchura\Documents\code_snippets\archura_game_engine\Archura_game_engine-main\build\imgui.vcxproj]
  ('../external/imgui/backends/imgui_impl_glfw.cpp' kaynak dosyası derleniyor)
  
C:\Program Files (x86)\Windows Kits\10\Include\10.0.26100.0\um\winbase.h(9722,1): error C2371: 'APIENTRY': yeniden tanımlama; temel türler farklı [C:\Users\4rchura\Documents\code_snippets\archura_game_engine\Archura_game_engine-main\build\imgui.vcxproj]
  ('../external/imgui/backends/imgui_impl_glfw.cpp' kaynak dosyası derleniyor)
      C:\Program Files (x86)\Windows Kits\10\Include\10.0.26100.0\um\apiquery2.h(36,1):
      'APIENTRY' bildirimine bakın
  
C:\Program Files (x86)\Windows Kits\10\Include\10.0.26100.0\um\winbase.h(9723,1): error C2146: sözdizimi hatası: ';' eksik ('DisableThreadProfiling' tanımlayıcısından önce) [C:\Users\4rchura\Documents\code_snippets\archura_game_engine\Archura_game_engine-main\build\imgui.vcxproj]
  ('../external/imgui/backends/imgui_impl_glfw.cpp' kaynak dosyası derleniyor)
  
C:\Program Files (x86)\Windows Kits\10\Include\10.0.26100.0\um\winbase.h(9729,1): error C2371: 'APIENTRY': yeniden tanımlama; temel türler farklı [C:\Users\4rchura\Documents\code_snippets\archura_game_engine\Archura_game_engine-main\build\imgui.vcxproj]
  ('../external/imgui/backends/imgui_impl_glfw.cpp' kaynak dosyası derleniyor)
      C:\Program Files (x86)\Windows Kits\10\Include\10.0.26100.0\um\apiquery2.h(36,1):
      'APIENTRY' bildirimine bakın
  
C:\Program Files (x86)\Windows Kits\10\Include\10.0.26100.0\um\winbase.h(9730,1): error C2146: sözdizimi hatası: ';' eksik ('QueryThreadProfiling' tanımlayıcısından önce) [C:\Users\4rchura\Documents\code_snippets\archura_game_engine\Archura_game_engine-main\build\imgui.vcxproj]
  ('../external/imgui/backends/imgui_impl_glfw.cpp' kaynak dosyası derleniyor)
  
C:\Program Files (x86)\Windows Kits\10\Include\10.0.26100.0\um\winbase.h(9737,1): error C2371: 'APIENTRY': yeniden tanımlama; temel türler farklı [C:\Users\4rchura\Documents\code_snippets\archura_game_engine\Archura_game_engine-main\build\imgui.vcxproj]
  ('../external/imgui/backends/imgui_impl_glfw.cpp' kaynak dosyası derleniyor)
      C:\Program Files (x86)\Windows Kits\10\Include\10.0.26100.0\um\apiquery2.h(36,1):
      'APIENTRY' bildirimine bakın
  
C:\Program Files (x86)\Windows Kits\10\Include\10.0.26100.0\um\winbase.h(9738,1): error C2146: sözdizimi hatası: ';' eksik ('ReadThreadProfilingData' tanımlayıcısından önce) [C:\Users\4rchura\Documents\code_snippets\archura_game_engine\Archura_game_engine-main\build\imgui.vcxproj]
  ('../external/imgui/backends/imgui_impl_glfw.cpp' kaynak dosyası derleniyor)
  
C:\Program Files (x86)\Windows Kits\10\Include\10.0.26100.0\um\wingdi.h(4175,17): error C2370: 'APIENTRY': yeniden tanımlama; depolama sınıfı farklı [C:\Users\4rchura\Documents\code_snippets\archura_game_engine\Archura_game_engine-main\build\imgui.vcxproj]
  ('../external/imgui/backends/imgui_impl_glfw.cpp' kaynak dosyası derleniyor)
      C:\Program Files (x86)\Windows Kits\10\Include\10.0.26100.0\um\apiquery2.h(36,1):
      'APIENTRY' bildirimine bakın
  
C:\Program Files (x86)\Windows Kits\10\Include\10.0.26100.0\um\wingdi.h(4175,26): error C2146: sözdizimi hatası: ';' eksik ('GetCharWidthFloatA' tanımlayıcısından önce) [C:\Users\4rchura\Documents\code_snippets\archura_game_engine\Archura_game_engine-main\build\imgui.vcxproj]
  ('../external/imgui/backends/imgui_impl_glfw.cpp' kaynak dosyası derleniyor)
  
C:\Program Files (x86)\Windows Kits\10\Include\10.0.26100.0\um\wingdi.h(4176,17): error C2370: 'APIENTRY': yeniden tanımlama; depolama sınıfı farklı [C:\Users\4rchura\Documents\code_snippets\archura_game_engine\Archura_game_engine-main\build\imgui.vcxproj]
  ('../external/imgui/backends/imgui_impl_glfw.cpp' kaynak dosyası derleniyor)
      C:\Program Files (x86)\Windows Kits\10\Include\10.0.26100.0\um\apiquery2.h(36,1):
      'APIENTRY' bildirimine bakın
  
C:\Program Files (x86)\Windows Kits\10\Include\10.0.26100.0\um\wingdi.h(4176,26): error C2146: sözdizimi hatası: ';' eksik ('GetCharWidthFloatW' tanımlayıcısından önce) [C:\Users\4rchura\Documents\code_snippets\archura_game_engine\Archura_game_engine-main\build\imgui.vcxproj]
  ('../external/imgui/backends/imgui_impl_glfw.cpp' kaynak dosyası derleniyor)
  
C:\Program Files (x86)\Windows Kits\10\Include\10.0.26100.0\um\wingdi.h(4183,17): error C2370: 'APIENTRY': yeniden tanımlama; depolama sınıfı farklı [C:\Users\4rchura\Documents\code_snippets\archura_game_engine\Archura_game_engine-main\build\imgui.vcxproj]
  ('../external/imgui/backends/imgui_impl_glfw.cpp' kaynak dosyası derleniyor)
      C:\Program Files (x86)\Windows Kits\10\Include\10.0.26100.0\um\apiquery2.h(36,1):
      'APIENTRY' bildirimine bakın
  
C:\Program Files (x86)\Windows Kits\10\Include\10.0.26100.0\um\wingdi.h(4183,26): error C2146: sözdizimi hatası: ';' eksik ('GetCharABCWidthsA' tanımlayıcısından önce) [C:\Users\4rchura\Documents\code_snippets\archura_game_engine\Archura_game_engine-main\build\imgui.vcxproj]
  ('../external/imgui/backends/imgui_impl_glfw.cpp' kaynak dosyası derleniyor)
  
C:\Program Files (x86)\Windows Kits\10\Include\10.0.26100.0\um\wingdi.h(4187,17): error C2370: 'APIENTRY': yeniden tanımlama; depolama sınıfı farklı [C:\Users\4rchura\Documents\code_snippets\archura_game_engine\Archura_game_engine-main\build\imgui.vcxproj]
  ('../external/imgui/backends/imgui_impl_glfw.cpp' kaynak dosyası derleniyor)
      C:\Program Files (x86)\Windows Kits\10\Include\10.0.26100.0\um\apiquery2.h(36,1):
      'APIENTRY' bildirimine bakın
  
C:\Program Files (x86)\Windows Kits\10\Include\10.0.26100.0\um\wingdi.h(4187,26): error C2146: sözdizimi hatası: ';' eksik ('GetCharABCWidthsW' tanımlayıcısından önce) [C:\Users\4rchura\Documents\code_snippets\archura_game_engine\Archura_game_engine-main\build\imgui.vcxproj]
  ('../external/imgui/backends/imgui_impl_glfw.cpp' kaynak dosyası derleniyor)
  
C:\Program Files (x86)\Windows Kits\10\Include\10.0.26100.0\um\wingdi.h(4197,17): error C2370: 'APIENTRY': yeniden tanımlama; depolama sınıfı farklı [C:\Users\4rchura\Documents\code_snippets\archura_game_engine\Archura_game_engine-main\build\imgui.vcxproj]
  ('../external/imgui/backends/imgui_impl_glfw.cpp' kaynak dosyası derleniyor)
      C:\Program Files (x86)\Windows Kits\10\Include\10.0.26100.0\um\apiquery2.h(36,1):
      'APIENTRY' bildirimine bakın
  
C:\Program Files (x86)\Windows Kits\10\Include\10.0.26100.0\um\wingdi.h(4197,26): error C2146: sözdizimi hatası: ';' eksik ('GetCharABCWidthsFloatA' tanımlayıcısından önce) [C:\Users\4rchura\Documents\code_snippets\archura_game_engine\Archura_game_engine-main\build\imgui.vcxproj]
  ('../external/imgui/backends/imgui_impl_glfw.cpp' kaynak dosyası derleniyor)
  
C:\Program Files (x86)\Windows Kits\10\Include\10.0.26100.0\um\wingdi.h(4198,17): error C2370: 'APIENTRY': yeniden tanımlama; depolama sınıfı farklı [C:\Users\4rchura\Documents\code_snippets\archura_game_engine\Archura_game_engine-main\build\imgui.vcxproj]
  ('../external/imgui/backends/imgui_impl_glfw.cpp' kaynak dosyası derleniyor)
      C:\Program Files (x86)\Windows Kits\10\Include\10.0.26100.0\um\apiquery2.h(36,1):
      'APIENTRY' bildirimine bakın
  
C:\Program Files (x86)\Windows Kits\10\Include\10.0.26100.0\um\wingdi.h(4198,26): error C2146: sözdizimi hatası: ';' eksik ('GetCharABCWidthsFloatW' tanımlayıcısından önce) [C:\Users\4rchura\Documents\code_snippets\archura_game_engine\Archura_game_engine-main\build\imgui.vcxproj]
  ('../external/imgui/backends/imgui_impl_glfw.cpp' kaynak dosyası derleniyor)
  
C:\Program Files (x86)\Windows Kits\10\Include\10.0.26100.0\um\wingdi.h(4260,16): error C2371: 'APIENTRY': yeniden tanımlama; temel türler farklı [C:\Users\4rchura\Documents\code_snippets\archura_game_engine\Archura_game_engine-main\build\imgui.vcxproj]
  ('../external/imgui/backends/imgui_impl_glfw.cpp' kaynak dosyası derleniyor)
      C:\Program Files (x86)\Windows Kits\10\Include\10.0.26100.0\um\apiquery2.h(36,1):
      'APIENTRY' bildirimine bakın
  
C:\Program Files (x86)\Windows Kits\10\Include\10.0.26100.0\um\wingdi.h(4260,25): error C2146: sözdizimi hatası: ';' eksik ('GetOutlineTextMetricsA' tanımlayıcısından önce) [C:\Users\4rchura\Documents\code_snippets\archura_game_engine\Archura_game_engine-main\build\imgui.vcxproj]
  ('../external/imgui/backends/imgui_impl_glfw.cpp' kaynak dosyası derleniyor)
  
C:\Program Files (x86)\Windows Kits\10\Include\10.0.26100.0\um\wingdi.h(4263,16): error C2371: 'APIENTRY': yeniden tanımlama; temel türler farklı [C:\Users\4rchura\Documents\code_snippets\archura_game_engine\Archura_game_engine-main\build\imgui.vcxproj]
  ('../external/imgui/backends/imgui_impl_glfw.cpp' kaynak dosyası derleniyor)
      C:\Program Files (x86)\Windows Kits\10\Include\10.0.26100.0\um\apiquery2.h(36,1):
      'APIENTRY' bildirimine bakın
  
C:\Program Files (x86)\Windows Kits\10\Include\10.0.26100.0\um\wingdi.h(4263,25): error C2146: sözdizimi hatası: ';' eksik ('GetOutlineTextMetricsW' tanımlayıcısından önce) [C:\Users\4rchura\Documents\code_snippets\archura_game_engine\Archura_game_engine-main\build\imgui.vcxproj]
  ('../external/imgui/backends/imgui_impl_glfw.cpp' kaynak dosyası derleniyor)
  
C:\Program Files (x86)\Windows Kits\10\Include\10.0.26100.0\um\wingdi.h(4309,1): error C2370: 'APIENTRY': yeniden tanımlama; depolama sınıfı farklı [C:\Users\4rchura\Documents\code_snippets\archura_game_engine\Archura_game_engine-main\build\imgui.vcxproj]
  ('../external/imgui/backends/imgui_impl_glfw.cpp' kaynak dosyası derleniyor)
      C:\Program Files (x86)\Windows Kits\10\Include\10.0.26100.0\um\apiquery2.h(36,1):
      'APIENTRY' bildirimine bakın
  
C:\Program Files (x86)\Windows Kits\10\Include\10.0.26100.0\um\wingdi.h(4310,1): error C2146: sözdizimi hatası: ';' eksik ('GetTextExtentPointA' tanımlayıcısından önce) [C:\Users\4rchura\Documents\code_snippets\archura_game_engine\Archura_game_engine-main\build\imgui.vcxproj]
  ('../external/imgui/backends/imgui_impl_glfw.cpp' kaynak dosyası derleniyor)
  
C:\Program Files (x86)\Windows Kits\10\Include\10.0.26100.0\um\wingdi.h(4318,1): error C2370: 'APIENTRY': yeniden tanımlama; depolama sınıfı farklı [C:\Users\4rchura\Documents\code_snippets\archura_game_engine\Archura_game_engine-main\build\imgui.vcxproj]
  ('../external/imgui/backends/imgui_impl_glfw.cpp' kaynak dosyası derleniyor)
      C:\Program Files (x86)\Windows Kits\10\Include\10.0.26100.0\um\apiquery2.h(36,1):
      'APIENTRY' bildirimine bakın
  
C:\Program Files (x86)\Windows Kits\10\Include\10.0.26100.0\um\wingdi.h(4319,1): error C2146: sözdizimi hatası: ';' eksik ('GetTextExtentPointW' tanımlayıcısından önce) [C:\Users\4rchura\Documents\code_snippets\archura_game_engine\Archura_game_engine-main\build\imgui.vcxproj]
  ('../external/imgui/backends/imgui_impl_glfw.cpp' kaynak dosyası derleniyor)
  
C:\Program Files (x86)\Windows Kits\10\Include\10.0.26100.0\um\wingdi.h(4333,1): error C2370: 'APIENTRY': yeniden tanımlama; depolama sınıfı farklı [C:\Users\4rchura\Documents\code_snippets\archura_game_engine\Archura_game_engine-main\build\imgui.vcxproj]
  ('../external/imgui/backends/imgui_impl_glfw.cpp' kaynak dosyası derleniyor)
      C:\Program Files (x86)\Windows Kits\10\Include\10.0.26100.0\um\apiquery2.h(36,1):
      'APIENTRY' bildirimine bakın
  
C:\Program Files (x86)\Windows Kits\10\Include\10.0.26100.0\um\wingdi.h(4334,1): error C2146: sözdizimi hatası: ';' eksik ('GetTextExtentPoint32A' tanımlayıcısından önce) [C:\Users\4rchura\Documents\code_snippets\archura_game_engine\Archura_game_engine-main\build\imgui.vcxproj]
  ('../external/imgui/backends/imgui_impl_glfw.cpp' kaynak dosyası derleniyor)
  
C:\Program Files (x86)\Windows Kits\10\Include\10.0.26100.0\um\wingdi.h(4342,1): error C2370: 'APIENTRY': yeniden tanımlama; depolama sınıfı farklı [C:\Users\4rchura\Documents\code_snippets\archura_game_engine\Archura_game_engine-main\build\imgui.vcxproj]
  ('../external/imgui/backends/imgui_impl_glfw.cpp' kaynak dosyası derleniyor)
      C:\Program Files (x86)\Windows Kits\10\Include\10.0.26100.0\um\apiquery2.h(36,1):
      'APIENTRY' bildirimine bakın
  
C:\Program Files (x86)\Windows Kits\10\Include\10.0.26100.0\um\wingdi.h(4343,1): error C2146: sözdizimi hatası: ';' eksik ('GetTextExtentPoint32W' tanımlayıcısından önce) [C:\Users\4rchura\Documents\code_snippets\archura_game_engine\Archura_game_engine-main\build\imgui.vcxproj]
  ('../external/imgui/backends/imgui_impl_glfw.cpp' kaynak dosyası derleniyor)
  
C:\Program Files (x86)\Windows Kits\10\Include\10.0.26100.0\um\wingdi.h(4357,1): error C2370: 'APIENTRY': yeniden tanımlama; depolama sınıfı farklı [C:\Users\4rchura\Documents\code_snippets\archura_game_engine\Archura_game_engine-main\build\imgui.vcxproj]
  ('../external/imgui/backends/imgui_impl_glfw.cpp' kaynak dosyası derleniyor)
      C:\Program Files (x86)\Windows Kits\10\Include\10.0.26100.0\um\apiquery2.h(36,1):
      'APIENTRY' bildirimine bakın
  
C:\Program Files (x86)\Windows Kits\10\Include\10.0.26100.0\um\wingdi.h(4358,1): error C2146: sözdizimi hatası: ';' eksik ('GetTextExtentExPointA' tanımlayıcısından önce) [C:\Users\4rchura\Documents\code_snippets\archura_game_engine\Archura_game_engine-main\build\imgui.vcxproj]
  ('../external/imgui/backends/imgui_impl_glfw.cpp' kaynak dosyası derleniyor)
  
C:\Program Files (x86)\Windows Kits\10\Include\10.0.26100.0\um\wingdi.h(4369,1): error C2370: 'APIENTRY': yeniden tanımlama; depolama sınıfı farklı [C:\Users\4rchura\Documents\code_snippets\archura_game_engine\Archura_game_engine-main\build\imgui.vcxproj]
  ('../external/imgui/backends/imgui_impl_glfw.cpp' kaynak dosyası derleniyor)
      C:\Program Files (x86)\Windows Kits\10\Include\10.0.26100.0\um\apiquery2.h(36,1):
      'APIENTRY' bildirimine bakın
  
C:\Program Files (x86)\Windows Kits\10\Include\10.0.26100.0\um\winbase.h(9474,1): error C2371: 'APIENTRY': yeniden tanımlama; temel türler farklı [C:\Users\4rchura\Documents\code_snippets\archura_game_engine\Archura_game_engine-main\build\imgui.vcxproj]
  ('../external/imgui/backends/imgui_impl_opengl3.cpp' kaynak dosyası derleniyor)
      C:\Program Files (x86)\Windows Kits\10\Include\10.0.26100.0\um\apiquery2.h(36,1):
      'APIENTRY' bildirimine bakın
  
C:\Program Files (x86)\Windows Kits\10\Include\10.0.26100.0\um\wingdi.h(4370,1): error C2146: sözdizimi hatası: ';' eksik ('GetTextExtentExPointW' tanımlayıcısından önce) [C:\Users\4rchura\Documents\code_snippets\archura_game_engine\Archura_game_engine-main\build\imgui.vcxproj]
  ('../external/imgui/backends/imgui_impl_glfw.cpp' kaynak dosyası derleniyor)
  
C:\Program Files (x86)\Windows Kits\10\Include\10.0.26100.0\um\winbase.h(9475,1): error C2146: sözdizimi hatası: ';' eksik ('CreateSymbolicLinkA' tanımlayıcısından önce) [C:\Users\4rchura\Documents\code_snippets\archura_game_engine\Archura_game_engine-main\build\imgui.vcxproj]
  ('../external/imgui/backends/imgui_impl_opengl3.cpp' kaynak dosyası derleniyor)
  
C:\Program Files (x86)\Windows Kits\10\Include\10.0.26100.0\um\winbase.h(9482,1): error C2371: 'APIENTRY': yeniden tanımlama; temel türler farklı [C:\Users\4rchura\Documents\code_snippets\archura_game_engine\Archura_game_engine-main\build\imgui.vcxproj]
  ('../external/imgui/backends/imgui_impl_opengl3.cpp' kaynak dosyası derleniyor)
      C:\Program Files (x86)\Windows Kits\10\Include\10.0.26100.0\um\apiquery2.h(36,1):
      'APIENTRY' bildirimine bakın
  
C:\Program Files (x86)\Windows Kits\10\Include\10.0.26100.0\um\winbase.h(9483,1): error C2146: sözdizimi hatası: ';' eksik ('CreateSymbolicLinkW' tanımlayıcısından önce) [C:\Users\4rchura\Documents\code_snippets\archura_game_engine\Archura_game_engine-main\build\imgui.vcxproj]
  ('../external/imgui/backends/imgui_impl_opengl3.cpp' kaynak dosyası derleniyor)
  
C:\Program Files (x86)\Windows Kits\10\Include\10.0.26100.0\um\winbase.h(9523,1): error C2371: 'APIENTRY': yeniden tanımlama; temel türler farklı [C:\Users\4rchura\Documents\code_snippets\archura_game_engine\Archura_game_engine-main\build\imgui.vcxproj]
  ('../external/imgui/backends/imgui_impl_opengl3.cpp' kaynak dosyası derleniyor)
      C:\Program Files (x86)\Windows Kits\10\Include\10.0.26100.0\um\apiquery2.h(36,1):
      'APIENTRY' bildirimine bakın
  
C:\Program Files (x86)\Windows Kits\10\Include\10.0.26100.0\um\winbase.h(9524,1): error C2146: sözdizimi hatası: ';' eksik ('CreateSymbolicLinkTransactedA' tanımlayıcısından önce) [C:\Users\4rchura\Documents\code_snippets\archura_game_engine\Archura_game_engine-main\build\imgui.vcxproj]
  ('../external/imgui/backends/imgui_impl_opengl3.cpp' kaynak dosyası derleniyor)
  
C:\Program Files (x86)\Windows Kits\10\Include\10.0.26100.0\um\winbase.h(9532,1): error C2371: 'APIENTRY': yeniden tanımlama; temel türler farklı [C:\Users\4rchura\Documents\code_snippets\archura_game_engine\Archura_game_engine-main\build\imgui.vcxproj]
  ('../external/imgui/backends/imgui_impl_opengl3.cpp' kaynak dosyası derleniyor)
      C:\Program Files (x86)\Windows Kits\10\Include\10.0.26100.0\um\apiquery2.h(36,1):
      'APIENTRY' bildirimine bakın
  
C:\Program Files (x86)\Windows Kits\10\Include\10.0.26100.0\um\winbase.h(9533,1): error C2146: sözdizimi hatası: ';' eksik ('CreateSymbolicLinkTransactedW' tanımlayıcısından önce) [C:\Users\4rchura\Documents\code_snippets\archura_game_engine\Archura_game_engine-main\build\imgui.vcxproj]
  ('../external/imgui/backends/imgui_impl_opengl3.cpp' kaynak dosyası derleniyor)
  
C:\Program Files (x86)\Windows Kits\10\Include\10.0.26100.0\um\winbase.h(9712,1): error C2371: 'APIENTRY': yeniden tanımlama; temel türler farklı [C:\Users\4rchura\Documents\code_snippets\archura_game_engine\Archura_game_engine-main\build\imgui.vcxproj]
  ('../external/imgui/backends/imgui_impl_opengl3.cpp' kaynak dosyası derleniyor)
      C:\Program Files (x86)\Windows Kits\10\Include\10.0.26100.0\um\apiquery2.h(36,1):
      'APIENTRY' bildirimine bakın
  
C:\Program Files (x86)\Windows Kits\10\Include\10.0.26100.0\um\winbase.h(9713,1): error C2146: sözdizimi hatası: ';' eksik ('EnableThreadProfiling' tanımlayıcısından önce) [C:\Users\4rchura\Documents\code_snippets\archura_game_engine\Archura_game_engine-main\build\imgui.vcxproj]
  ('../external/imgui/backends/imgui_impl_opengl3.cpp' kaynak dosyası derleniyor)
  
C:\Program Files (x86)\Windows Kits\10\Include\10.0.26100.0\um\winbase.h(9722,1): error C2371: 'APIENTRY': yeniden tanımlama; temel türler farklı [C:\Users\4rchura\Documents\code_snippets\archura_game_engine\Archura_game_engine-main\build\imgui.vcxproj]
  ('../external/imgui/backends/imgui_impl_opengl3.cpp' kaynak dosyası derleniyor)
      C:\Program Files (x86)\Windows Kits\10\Include\10.0.26100.0\um\apiquery2.h(36,1):
      'APIENTRY' bildirimine bakın
  
C:\Program Files (x86)\Windows Kits\10\Include\10.0.26100.0\um\winbase.h(9723,1): error C2146: sözdizimi hatası: ';' eksik ('DisableThreadProfiling' tanımlayıcısından önce) [C:\Users\4rchura\Documents\code_snippets\archura_game_engine\Archura_game_engine-main\build\imgui.vcxproj]
  ('../external/imgui/backends/imgui_impl_opengl3.cpp' kaynak dosyası derleniyor)
  
C:\Program Files (x86)\Windows Kits\10\Include\10.0.26100.0\um\winbase.h(9729,1): error C2371: 'APIENTRY': yeniden tanımlama; temel türler farklı [C:\Users\4rchura\Documents\code_snippets\archura_game_engine\Archura_game_engine-main\build\imgui.vcxproj]
  ('../external/imgui/backends/imgui_impl_opengl3.cpp' kaynak dosyası derleniyor)
      C:\Program Files (x86)\Windows Kits\10\Include\10.0.26100.0\um\apiquery2.h(36,1):
      'APIENTRY' bildirimine bakın
  
C:\Program Files (x86)\Windows Kits\10\Include\10.0.26100.0\um\winbase.h(9730,1): error C2146: sözdizimi hatası: ';' eksik ('QueryThreadProfiling' tanımlayıcısından önce) [C:\Users\4rchura\Documents\code_snippets\archura_game_engine\Archura_game_engine-main\build\imgui.vcxproj]
  ('../external/imgui/backends/imgui_impl_opengl3.cpp' kaynak dosyası derleniyor)
  
C:\Program Files (x86)\Windows Kits\10\Include\10.0.26100.0\um\winbase.h(9737,1): error C2371: 'APIENTRY': yeniden tanımlama; temel türler farklı [C:\Users\4rchura\Documents\code_snippets\archura_game_engine\Archura_game_engine-main\build\imgui.vcxproj]
  ('../external/imgui/backends/imgui_impl_opengl3.cpp' kaynak dosyası derleniyor)
      C:\Program Files (x86)\Windows Kits\10\Include\10.0.26100.0\um\apiquery2.h(36,1):
      'APIENTRY' bildirimine bakın
  
C:\Program Files (x86)\Windows Kits\10\Include\10.0.26100.0\um\winbase.h(9738,1): error C2146: sözdizimi hatası: ';' eksik ('ReadThreadProfilingData' tanımlayıcısından önce) [C:\Users\4rchura\Documents\code_snippets\archura_game_engine\Archura_game_engine-main\build\imgui.vcxproj]
  ('../external/imgui/backends/imgui_impl_opengl3.cpp' kaynak dosyası derleniyor)
  
C:\Program Files (x86)\Windows Kits\10\Include\10.0.26100.0\um\wingdi.h(4175,17): error C2370: 'APIENTRY': yeniden tanımlama; depolama sınıfı farklı [C:\Users\4rchura\Documents\code_snippets\archura_game_engine\Archura_game_engine-main\build\imgui.vcxproj]
  ('../external/imgui/backends/imgui_impl_opengl3.cpp' kaynak dosyası derleniyor)
      C:\Program Files (x86)\Windows Kits\10\Include\10.0.26100.0\um\apiquery2.h(36,1):
      'APIENTRY' bildirimine bakın
  
C:\Program Files (x86)\Windows Kits\10\Include\10.0.26100.0\um\wingdi.h(4175,26): error C2146: sözdizimi hatası: ';' eksik ('GetCharWidthFloatA' tanımlayıcısından önce) [C:\Users\4rchura\Documents\code_snippets\archura_game_engine\Archura_game_engine-main\build\imgui.vcxproj]
  ('../external/imgui/backends/imgui_impl_opengl3.cpp' kaynak dosyası derleniyor)
  
C:\Program Files (x86)\Windows Kits\10\Include\10.0.26100.0\um\wingdi.h(4176,17): error C2370: 'APIENTRY': yeniden tanımlama; depolama sınıfı farklı [C:\Users\4rchura\Documents\code_snippets\archura_game_engine\Archura_game_engine-main\build\imgui.vcxproj]
  ('../external/imgui/backends/imgui_impl_opengl3.cpp' kaynak dosyası derleniyor)
      C:\Program Files (x86)\Windows Kits\10\Include\10.0.26100.0\um\apiquery2.h(36,1):
      'APIENTRY' bildirimine bakın
  
C:\Program Files (x86)\Windows Kits\10\Include\10.0.26100.0\um\wingdi.h(4176,26): error C2146: sözdizimi hatası: ';' eksik ('GetCharWidthFloatW' tanımlayıcısından önce) [C:\Users\4rchura\Documents\code_snippets\archura_game_engine\Archura_game_engine-main\build\imgui.vcxproj]
  ('../external/imgui/backends/imgui_impl_opengl3.cpp' kaynak dosyası derleniyor)
  
C:\Program Files (x86)\Windows Kits\10\Include\10.0.26100.0\um\wingdi.h(4183,17): error C2370: 'APIENTRY': yeniden tanımlama; depolama sınıfı farklı [C:\Users\4rchura\Documents\code_snippets\archura_game_engine\Archura_game_engine-main\build\imgui.vcxproj]
  ('../external/imgui/backends/imgui_impl_opengl3.cpp' kaynak dosyası derleniyor)
      C:\Program Files (x86)\Windows Kits\10\Include\10.0.26100.0\um\apiquery2.h(36,1):
      'APIENTRY' bildirimine bakın
  
C:\Program Files (x86)\Windows Kits\10\Include\10.0.26100.0\um\wingdi.h(4183,26): error C2146: sözdizimi hatası: ';' eksik ('GetCharABCWidthsA' tanımlayıcısından önce) [C:\Users\4rchura\Documents\code_snippets\archura_game_engine\Archura_game_engine-main\build\imgui.vcxproj]
  ('../external/imgui/backends/imgui_impl_opengl3.cpp' kaynak dosyası derleniyor)
  
C:\Program Files (x86)\Windows Kits\10\Include\10.0.26100.0\um\wingdi.h(4187,17): error C2370: 'APIENTRY': yeniden tanımlama; depolama sınıfı farklı [C:\Users\4rchura\Documents\code_snippets\archura_game_engine\Archura_game_engine-main\build\imgui.vcxproj]
  ('../external/imgui/backends/imgui_impl_opengl3.cpp' kaynak dosyası derleniyor)
      C:\Program Files (x86)\Windows Kits\10\Include\10.0.26100.0\um\apiquery2.h(36,1):
      'APIENTRY' bildirimine bakın
  
C:\Program Files (x86)\Windows Kits\10\Include\10.0.26100.0\um\wingdi.h(4187,26): error C2146: sözdizimi hatası: ';' eksik ('GetCharABCWidthsW' tanımlayıcısından önce) [C:\Users\4rchura\Documents\code_snippets\archura_game_engine\Archura_game_engine-main\build\imgui.vcxproj]
  ('../external/imgui/backends/imgui_impl_opengl3.cpp' kaynak dosyası derleniyor)
  
C:\Program Files (x86)\Windows Kits\10\Include\10.0.26100.0\um\wingdi.h(4197,17): error C2370: 'APIENTRY': yeniden tanımlama; depolama sınıfı farklı [C:\Users\4rchura\Documents\code_snippets\archura_game_engine\Archura_game_engine-main\build\imgui.vcxproj]
  ('../external/imgui/backends/imgui_impl_opengl3.cpp' kaynak dosyası derleniyor)
      C:\Program Files (x86)\Windows Kits\10\Include\10.0.26100.0\um\apiquery2.h(36,1):
      'APIENTRY' bildirimine bakın
  
C:\Program Files (x86)\Windows Kits\10\Include\10.0.26100.0\um\wingdi.h(4197,26): error C2146: sözdizimi hatası: ';' eksik ('GetCharABCWidthsFloatA' tanımlayıcısından önce) [C:\Users\4rchura\Documents\code_snippets\archura_game_engine\Archura_game_engine-main\build\imgui.vcxproj]
  ('../external/imgui/backends/imgui_impl_opengl3.cpp' kaynak dosyası derleniyor)
  
C:\Program Files (x86)\Windows Kits\10\Include\10.0.26100.0\um\wingdi.h(4198,17): error C2370: 'APIENTRY': yeniden tanımlama; depolama sınıfı farklı [C:\Users\4rchura\Documents\code_snippets\archura_game_engine\Archura_game_engine-main\build\imgui.vcxproj]
  ('../external/imgui/backends/imgui_impl_opengl3.cpp' kaynak dosyası derleniyor)
      C:\Program Files (x86)\Windows Kits\10\Include\10.0.26100.0\um\apiquery2.h(36,1):
      'APIENTRY' bildirimine bakın
  
C:\Program Files (x86)\Windows Kits\10\Include\10.0.26100.0\um\wingdi.h(4198,26): error C2146: sözdizimi hatası: ';' eksik ('GetCharABCWidthsFloatW' tanımlayıcısından önce) [C:\Users\4rchura\Documents\code_snippets\archura_game_engine\Archura_game_engine-main\build\imgui.vcxproj]
  ('../external/imgui/backends/imgui_impl_opengl3.cpp' kaynak dosyası derleniyor)
  
C:\Program Files (x86)\Windows Kits\10\Include\10.0.26100.0\um\wingdi.h(4260,16): error C2371: 'APIENTRY': yeniden tanımlama; temel türler farklı [C:\Users\4rchura\Documents\code_snippets\archura_game_engine\Archura_game_engine-main\build\imgui.vcxproj]
  ('../external/imgui/backends/imgui_impl_opengl3.cpp' kaynak dosyası derleniyor)
      C:\Program Files (x86)\Windows Kits\10\Include\10.0.26100.0\um\apiquery2.h(36,1):
      'APIENTRY' bildirimine bakın
  
C:\Program Files (x86)\Windows Kits\10\Include\10.0.26100.0\um\wingdi.h(4260,25): error C2146: sözdizimi hatası: ';' eksik ('GetOutlineTextMetricsA' tanımlayıcısından önce) [C:\Users\4rchura\Documents\code_snippets\archura_game_engine\Archura_game_engine-main\build\imgui.vcxproj]
  ('../external/imgui/backends/imgui_impl_opengl3.cpp' kaynak dosyası derleniyor)
  
C:\Program Files (x86)\Windows Kits\10\Include\10.0.26100.0\um\wingdi.h(4263,16): error C2371: 'APIENTRY': yeniden tanımlama; temel türler farklı [C:\Users\4rchura\Documents\code_snippets\archura_game_engine\Archura_game_engine-main\build\imgui.vcxproj]
  ('../external/imgui/backends/imgui_impl_opengl3.cpp' kaynak dosyası derleniyor)
      C:\Program Files (x86)\Windows Kits\10\Include\10.0.26100.0\um\apiquery2.h(36,1):
      'APIENTRY' bildirimine bakın
  
C:\Program Files (x86)\Windows Kits\10\Include\10.0.26100.0\um\wingdi.h(4263,25): error C2146: sözdizimi hatası: ';' eksik ('GetOutlineTextMetricsW' tanımlayıcısından önce) [C:\Users\4rchura\Documents\code_snippets\archura_game_engine\Archura_game_engine-main\build\imgui.vcxproj]
  ('../external/imgui/backends/imgui_impl_opengl3.cpp' kaynak dosyası derleniyor)
  
C:\Program Files (x86)\Windows Kits\10\Include\10.0.26100.0\um\wingdi.h(4309,1): error C2370: 'APIENTRY': yeniden tanımlama; depolama sınıfı farklı [C:\Users\4rchura\Documents\code_snippets\archura_game_engine\Archura_game_engine-main\build\imgui.vcxproj]
  ('../external/imgui/backends/imgui_impl_opengl3.cpp' kaynak dosyası derleniyor)
      C:\Program Files (x86)\Windows Kits\10\Include\10.0.26100.0\um\apiquery2.h(36,1):
      'APIENTRY' bildirimine bakın
  
C:\Program Files (x86)\Windows Kits\10\Include\10.0.26100.0\um\wingdi.h(4310,1): error C2146: sözdizimi hatası: ';' eksik ('GetTextExtentPointA' tanımlayıcısından önce) [C:\Users\4rchura\Documents\code_snippets\archura_game_engine\Archura_game_engine-main\build\imgui.vcxproj]
  ('../external/imgui/backends/imgui_impl_opengl3.cpp' kaynak dosyası derleniyor)
  
C:\Program Files (x86)\Windows Kits\10\Include\10.0.26100.0\um\wingdi.h(4318,1): error C2370: 'APIENTRY': yeniden tanımlama; depolama sınıfı farklı [C:\Users\4rchura\Documents\code_snippets\archura_game_engine\Archura_game_engine-main\build\imgui.vcxproj]
  ('../external/imgui/backends/imgui_impl_opengl3.cpp' kaynak dosyası derleniyor)
      C:\Program Files (x86)\Windows Kits\10\Include\10.0.26100.0\um\apiquery2.h(36,1):
      'APIENTRY' bildirimine bakın
  
C:\Program Files (x86)\Windows Kits\10\Include\10.0.26100.0\um\wingdi.h(4319,1): error C2146: sözdizimi hatası: ';' eksik ('GetTextExtentPointW' tanımlayıcısından önce) [C:\Users\4rchura\Documents\code_snippets\archura_game_engine\Archura_game_engine-main\build\imgui.vcxproj]
  ('../external/imgui/backends/imgui_impl_opengl3.cpp' kaynak dosyası derleniyor)
  
C:\Program Files (x86)\Windows Kits\10\Include\10.0.26100.0\um\wingdi.h(4333,1): error C2370: 'APIENTRY': yeniden tanımlama; depolama sınıfı farklı [C:\Users\4rchura\Documents\code_snippets\archura_game_engine\Archura_game_engine-main\build\imgui.vcxproj]
  ('../external/imgui/backends/imgui_impl_opengl3.cpp' kaynak dosyası derleniyor)
      C:\Program Files (x86)\Windows Kits\10\Include\10.0.26100.0\um\apiquery2.h(36,1):
      'APIENTRY' bildirimine bakın
  
C:\Program Files (x86)\Windows Kits\10\Include\10.0.26100.0\um\wingdi.h(4334,1): error C2146: sözdizimi hatası: ';' eksik ('GetTextExtentPoint32A' tanımlayıcısından önce) [C:\Users\4rchura\Documents\code_snippets\archura_game_engine\Archura_game_engine-main\build\imgui.vcxproj]
  ('../external/imgui/backends/imgui_impl_opengl3.cpp' kaynak dosyası derleniyor)
  
C:\Program Files (x86)\Windows Kits\10\Include\10.0.26100.0\um\wingdi.h(4342,1): error C2370: 'APIENTRY': yeniden tanımlama; depolama sınıfı farklı [C:\Users\4rchura\Documents\code_snippets\archura_game_engine\Archura_game_engine-main\build\imgui.vcxproj]
  ('../external/imgui/backends/imgui_impl_opengl3.cpp' kaynak dosyası derleniyor)
      C:\Program Files (x86)\Windows Kits\10\Include\10.0.26100.0\um\apiquery2.h(36,1):
      'APIENTRY' bildirimine bakın
  
C:\Program Files (x86)\Windows Kits\10\Include\10.0.26100.0\um\wingdi.h(4343,1): error C2146: sözdizimi hatası: ';' eksik ('GetTextExtentPoint32W' tanımlayıcısından önce) [C:\Users\4rchura\Documents\code_snippets\archura_game_engine\Archura_game_engine-main\build\imgui.vcxproj]
  ('../external/imgui/backends/imgui_impl_opengl3.cpp' kaynak dosyası derleniyor)
  
C:\Program Files (x86)\Windows Kits\10\Include\10.0.26100.0\um\wingdi.h(4357,1): error C2370: 'APIENTRY': yeniden tanımlama; depolama sınıfı farklı [C:\Users\4rchura\Documents\code_snippets\archura_game_engine\Archura_game_engine-main\build\imgui.vcxproj]
  ('../external/imgui/backends/imgui_impl_opengl3.cpp' kaynak dosyası derleniyor)
      C:\Program Files (x86)\Windows Kits\10\Include\10.0.26100.0\um\apiquery2.h(36,1):
      'APIENTRY' bildirimine bakın
  
C:\Program Files (x86)\Windows Kits\10\Include\10.0.26100.0\um\wingdi.h(4358,1): error C2146: sözdizimi hatası: ';' eksik ('GetTextExtentExPointA' tanımlayıcısından önce) [C:\Users\4rchura\Documents\code_snippets\archura_game_engine\Archura_game_engine-main\build\imgui.vcxproj]
  ('../external/imgui/backends/imgui_impl_opengl3.cpp' kaynak dosyası derleniyor)
  
C:\Program Files (x86)\Windows Kits\10\Include\10.0.26100.0\um\wingdi.h(4369,1): error C2370: 'APIENTRY': yeniden tanımlama; depolama sınıfı farklı [C:\Users\4rchura\Documents\code_snippets\archura_game_engine\Archura_game_engine-main\build\imgui.vcxproj]
  ('../external/imgui/backends/imgui_impl_opengl3.cpp' kaynak dosyası derleniyor)
      C:\Program Files (x86)\Windows Kits\10\Include\10.0.26100.0\um\apiquery2.h(36,1):
      'APIENTRY' bildirimine bakın
  
C:\Program Files (x86)\Windows Kits\10\Include\10.0.26100.0\um\wingdi.h(4370,1): error C2146: sözdizimi hatası: ';' eksik ('GetTextExtentExPointW' tanımlayıcısından önce) [C:\Users\4rchura\Documents\code_snippets\archura_game_engine\Archura_game_engine-main\build\imgui.vcxproj]
  ('../external/imgui/backends/imgui_impl_opengl3.cpp' kaynak dosyası derleniyor)
  
C:\Program Files (x86)\Windows Kits\10\Include\10.0.26100.0\um\apiquery2.h(37,1): error C2146: sözdizimi hatası: ';' eksik ('IsApiSetImplemented' tanımlayıcısından önce) [C:\Users\4rchura\Documents\code_snippets\archura_game_engine\Archura_game_engine-main\build\imgui.vcxproj]
  ('../external/imgui/imgui.cpp' kaynak dosyası derleniyor)
  
C:\Program Files (x86)\Windows Kits\10\Include\10.0.26100.0\um\apiquery2.h(43,1): error C2371: 'APIENTRY': yeniden tanımlama; temel türler farklı [C:\Users\4rchura\Documents\code_snippets\archura_game_engine\Archura_game_engine-main\build\imgui.vcxproj]
  ('../external/imgui/imgui.cpp' kaynak dosyası derleniyor)
      C:\Program Files (x86)\Windows Kits\10\Include\10.0.26100.0\um\apiquery2.h(36,1):
      'APIENTRY' bildirimine bakın
  
C:\Program Files (x86)\Windows Kits\10\Include\10.0.26100.0\um\apiquery2.h(44,1): error C2146: sözdizimi hatası: ';' eksik ('GetApiSetModuleBaseName' tanımlayıcısından önce) [C:\Users\4rchura\Documents\code_snippets\archura_game_engine\Archura_game_engine-main\build\imgui.vcxproj]
  ('../external/imgui/imgui.cpp' kaynak dosyası derleniyor)
  
C:\Program Files (x86)\Windows Kits\10\Include\10.0.26100.0\um\processenv.h(285,1): error C2371: 'APIENTRY': yeniden tanımlama; temel türler farklı [C:\Users\4rchura\Documents\code_snippets\archura_game_engine\Archura_game_engine-main\build\imgui.vcxproj]
  ('../external/imgui/imgui.cpp' kaynak dosyası derleniyor)
      C:\Program Files (x86)\Windows Kits\10\Include\10.0.26100.0\um\apiquery2.h(36,1):
      'APIENTRY' bildirimine bakın
  
C:\Program Files (x86)\Windows Kits\10\Include\10.0.26100.0\um\processenv.h(286,1): error C2146: sözdizimi hatası: ';' eksik ('SearchPathA' tanımlayıcısından önce) [C:\Users\4rchura\Documents\code_snippets\archura_game_engine\Archura_game_engine-main\build\imgui.vcxproj]
  ('../external/imgui/imgui.cpp' kaynak dosyası derleniyor)
  
C:\Program Files (x86)\Windows Kits\10\Include\10.0.26100.0\um\fileapi.h(1343,1): error C2370: 'APIENTRY': yeniden tanımlama; depolama sınıfı farklı [C:\Users\4rchura\Documents\code_snippets\archura_game_engine\Archura_game_engine-main\build\imgui.vcxproj]
  ('../external/imgui/imgui.cpp' kaynak dosyası derleniyor)
      C:\Program Files (x86)\Windows Kits\10\Include\10.0.26100.0\um\apiquery2.h(36,1):
      'APIENTRY' bildirimine bakın
  
C:\Program Files (x86)\Windows Kits\10\Include\10.0.26100.0\um\fileapi.h(1344,1): error C2146: sözdizimi hatası: ';' eksik ('FindNextStreamW' tanımlayıcısından önce) [C:\Users\4rchura\Documents\code_snippets\archura_game_engine\Archura_game_engine-main\build\imgui.vcxproj]
  ('../external/imgui/imgui.cpp' kaynak dosyası derleniyor)
  
C:\Program Files (x86)\Windows Kits\10\Include\10.0.26100.0\um\fileapi.h(1402,1): error C2370: 'APIENTRY': yeniden tanımlama; depolama sınıfı farklı [C:\Users\4rchura\Documents\code_snippets\archura_game_engine\Archura_game_engine-main\build\imgui.vcxproj]
  ('../external/imgui/imgui.cpp' kaynak dosyası derleniyor)
      C:\Program Files (x86)\Windows Kits\10\Include\10.0.26100.0\um\apiquery2.h(36,1):
      'APIENTRY' bildirimine bakın
  
C:\Program Files (x86)\Windows Kits\10\Include\10.0.26100.0\um\fileapi.h(1403,1): error C2146: sözdizimi hatası: ';' eksik ('FindNextFileNameW' tanımlayıcısından önce) [C:\Users\4rchura\Documents\code_snippets\archura_game_engine\Archura_game_engine-main\build\imgui.vcxproj]
  ('../external/imgui/imgui.cpp' kaynak dosyası derleniyor)
  
C:\Program Files (x86)\Windows Kits\10\Include\10.0.26100.0\um\consoleapi3.h(147,1): error C2370: 'APIENTRY': yeniden tanımlama; depolama sınıfı farklı [C:\Users\4rchura\Documents\code_snippets\archura_game_engine\Archura_game_engine-main\build\imgui.vcxproj]
  ('../external/imgui/backends/imgui_impl_glfw.cpp' kaynak dosyası derleniyor)
      C:\Program Files (x86)\Windows Kits\10\Include\10.0.26100.0\um\apiquery2.h(36,1):
      'APIENTRY' bildirimine bakın
  
C:\Program Files (x86)\Windows Kits\10\Include\10.0.26100.0\um\consoleapi3.h(148,1): error C2146: sözdizimi hatası: ';' eksik ('GetConsoleDisplayMode' tanımlayıcısından önce) [C:\Users\4rchura\Documents\code_snippets\archura_game_engine\Archura_game_engine-main\build\imgui.vcxproj]
  ('../external/imgui/backends/imgui_impl_glfw.cpp' kaynak dosyası derleniyor)
  
C:\Program Files (x86)\Windows Kits\10\Include\10.0.26100.0\um\consoleapi3.h(157,1): error C2370: 'APIENTRY': yeniden tanımlama; depolama sınıfı farklı [C:\Users\4rchura\Documents\code_snippets\archura_game_engine\Archura_game_engine-main\build\imgui.vcxproj]
  ('../external/imgui/backends/imgui_impl_glfw.cpp' kaynak dosyası derleniyor)
      C:\Program Files (x86)\Windows Kits\10\Include\10.0.26100.0\um\apiquery2.h(36,1):
      'APIENTRY' bildirimine bakın
  
C:\Program Files (x86)\Windows Kits\10\Include\10.0.26100.0\um\consoleapi3.h(158,1): error C2146: sözdizimi hatası: ';' eksik ('SetConsoleDisplayMode' tanımlayıcısından önce) [C:\Users\4rchura\Documents\code_snippets\archura_game_engine\Archura_game_engine-main\build\imgui.vcxproj]
  ('../external/imgui/backends/imgui_impl_glfw.cpp' kaynak dosyası derleniyor)
  
C:\Program Files (x86)\Windows Kits\10\Include\10.0.26100.0\um\debugapi.h(79,1): error C2370: 'APIENTRY': yeniden tanımlama; depolama sınıfı farklı [C:\Users\4rchura\Documents\code_snippets\archura_game_engine\Archura_game_engine-main\build\imgui.vcxproj]
  ('../external/imgui/imgui.cpp' kaynak dosyası derleniyor)
      C:\Program Files (x86)\Windows Kits\10\Include\10.0.26100.0\um\apiquery2.h(36,1):
      'APIENTRY' bildirimine bakın
  
C:\Program Files (x86)\Windows Kits\10\Include\10.0.26100.0\um\debugapi.h(80,1): error C2146: sözdizimi hatası: ';' eksik ('ContinueDebugEvent' tanımlayıcısından önce) [C:\Users\4rchura\Documents\code_snippets\archura_game_engine\Archura_game_engine-main\build\imgui.vcxproj]
  ('../external/imgui/imgui.cpp' kaynak dosyası derleniyor)
  
C:\Program Files (x86)\Windows Kits\10\Include\10.0.26100.0\um\consoleapi3.h(166,1): error C2040: 'APIENTRY': 'HWND', yöneltme düzeyi sayısı bakımından 'BOOL' ile aynı değil [C:\Users\4rchura\Documents\code_snippets\archura_game_engine\Archura_game_engine-main\build\imgui.vcxproj]
  ('../external/imgui/backends/imgui_impl_glfw.cpp' kaynak dosyası derleniyor)
  
C:\Program Files (x86)\Windows Kits\10\Include\10.0.26100.0\um\debugapi.h(88,1): error C2370: 'APIENTRY': yeniden tanımlama; depolama sınıfı farklı [C:\Users\4rchura\Documents\code_snippets\archura_game_engine\Archura_game_engine-main\build\imgui.vcxproj]
  ('../external/imgui/imgui.cpp' kaynak dosyası derleniyor)
      C:\Program Files (x86)\Windows Kits\10\Include\10.0.26100.0\um\apiquery2.h(36,1):
      'APIENTRY' bildirimine bakın
  
C:\Program Files (x86)\Windows Kits\10\Include\10.0.26100.0\um\consoleapi3.h(167,1): error C2146: sözdizimi hatası: ';' eksik ('GetConsoleWindow' tanımlayıcısından önce) [C:\Users\4rchura\Documents\code_snippets\archura_game_engine\Archura_game_engine-main\build\imgui.vcxproj]
  ('../external/imgui/backends/imgui_impl_glfw.cpp' kaynak dosyası derleniyor)
  
C:\Program Files (x86)\Windows Kits\10\Include\10.0.26100.0\um\debugapi.h(89,1): error C2146: sözdizimi hatası: ';' eksik ('WaitForDebugEvent' tanımlayıcısından önce) [C:\Users\4rchura\Documents\code_snippets\archura_game_engine\Archura_game_engine-main\build\imgui.vcxproj]
  ('../external/imgui/imgui.cpp' kaynak dosyası derleniyor)
  
C:\Program Files (x86)\Windows Kits\10\Include\10.0.26100.0\um\debugapi.h(96,1): error C2370: 'APIENTRY': yeniden tanımlama; depolama sınıfı farklı [C:\Users\4rchura\Documents\code_snippets\archura_game_engine\Archura_game_engine-main\build\imgui.vcxproj]
  ('../external/imgui/imgui.cpp' kaynak dosyası derleniyor)
      C:\Program Files (x86)\Windows Kits\10\Include\10.0.26100.0\um\apiquery2.h(36,1):
      'APIENTRY' bildirimine bakın
  
C:\Program Files (x86)\Windows Kits\10\Include\10.0.26100.0\um\debugapi.h(97,1): error C2146: sözdizimi hatası: ';' eksik ('DebugActiveProcess' tanımlayıcısından önce) [C:\Users\4rchura\Documents\code_snippets\archura_game_engine\Archura_game_engine-main\build\imgui.vcxproj]
  ('../external/imgui/imgui.cpp' kaynak dosyası derleniyor)
  
C:\Program Files (x86)\Windows Kits\10\Include\10.0.26100.0\um\debugapi.h(103,1): error C2370: 'APIENTRY': yeniden tanımlama; depolama sınıfı farklı [C:\Users\4rchura\Documents\code_snippets\archura_game_engine\Archura_game_engine-main\build\imgui.vcxproj]
  ('../external/imgui/imgui.cpp' kaynak dosyası derleniyor)
      C:\Program Files (x86)\Windows Kits\10\Include\10.0.26100.0\um\apiquery2.h(36,1):
      'APIENTRY' bildirimine bakın
  
C:\Program Files (x86)\Windows Kits\10\Include\10.0.26100.0\um\consoleapi3.h(177,1): error C2370: 'APIENTRY': yeniden tanımlama; depolama sınıfı farklı [C:\Users\4rchura\Documents\code_snippets\archura_game_engine\Archura_game_engine-main\build\imgui.vcxproj]
  ('../external/imgui/backends/imgui_impl_glfw.cpp' kaynak dosyası derleniyor)
      C:\Program Files (x86)\Windows Kits\10\Include\10.0.26100.0\um\apiquery2.h(36,1):
      'APIENTRY' bildirimine bakın
  
C:\Program Files (x86)\Windows Kits\10\Include\10.0.26100.0\um\debugapi.h(104,1): error C2146: sözdizimi hatası: ';' eksik ('DebugActiveProcessStop' tanımlayıcısından önce) [C:\Users\4rchura\Documents\code_snippets\archura_game_engine\Archura_game_engine-main\build\imgui.vcxproj]
  ('../external/imgui/imgui.cpp' kaynak dosyası derleniyor)
  
C:\Program Files (x86)\Windows Kits\10\Include\10.0.26100.0\um\debugapi.h(134,1): error C2370: 'APIENTRY': yeniden tanımlama; depolama sınıfı farklı [C:\Users\4rchura\Documents\code_snippets\archura_game_engine\Archura_game_engine-main\build\imgui.vcxproj]
  ('../external/imgui/imgui.cpp' kaynak dosyası derleniyor)
      C:\Program Files (x86)\Windows Kits\10\Include\10.0.26100.0\um\apiquery2.h(36,1):
      'APIENTRY' bildirimine bakın
  
C:\Program Files (x86)\Windows Kits\10\Include\10.0.26100.0\um\consoleapi3.h(178,1): error C2146: sözdizimi hatası: ';' eksik ('AddConsoleAliasA' tanımlayıcısından önce) [C:\Users\4rchura\Documents\code_snippets\archura_game_engine\Archura_game_engine-main\build\imgui.vcxproj]
  ('../external/imgui/backends/imgui_impl_glfw.cpp' kaynak dosyası derleniyor)
  
C:\Program Files (x86)\Windows Kits\10\Include\10.0.26100.0\um\debugapi.h(135,1): error C2146: sözdizimi hatası: ';' eksik ('WaitForDebugEventEx' tanımlayıcısından önce) [C:\Users\4rchura\Documents\code_snippets\archura_game_engine\Archura_game_engine-main\build\imgui.vcxproj]
  ('../external/imgui/imgui.cpp' kaynak dosyası derleniyor)
  
C:\Program Files (x86)\Windows Kits\10\Include\10.0.26100.0\um\consoleapi3.h(186,1): error C2370: 'APIENTRY': yeniden tanımlama; depolama sınıfı farklı [C:\Users\4rchura\Documents\code_snippets\archura_game_engine\Archura_game_engine-main\build\imgui.vcxproj]
  ('../external/imgui/backends/imgui_impl_glfw.cpp' kaynak dosyası derleniyor)
      C:\Program Files (x86)\Windows Kits\10\Include\10.0.26100.0\um\apiquery2.h(36,1):
      'APIENTRY' bildirimine bakın
  
C:\Program Files (x86)\Windows Kits\10\Include\10.0.26100.0\um\consoleapi3.h(187,1): error C2146: sözdizimi hatası: ';' eksik ('AddConsoleAliasW' tanımlayıcısından önce) [C:\Users\4rchura\Documents\code_snippets\archura_game_engine\Archura_game_engine-main\build\imgui.vcxproj]
  ('../external/imgui/backends/imgui_impl_glfw.cpp' kaynak dosyası derleniyor)
  
C:\Program Files (x86)\Windows Kits\10\Include\10.0.26100.0\um\consoleapi3.h(201,1): error C2371: 'APIENTRY': yeniden tanımlama; temel türler farklı [C:\Users\4rchura\Documents\code_snippets\archura_game_engine\Archura_game_engine-main\build\imgui.vcxproj]
  ('../external/imgui/backends/imgui_impl_glfw.cpp' kaynak dosyası derleniyor)
      C:\Program Files (x86)\Windows Kits\10\Include\10.0.26100.0\um\apiquery2.h(36,1):
      'APIENTRY' bildirimine bakın
  
C:\Program Files (x86)\Windows Kits\10\Include\10.0.26100.0\um\consoleapi3.h(202,1): error C2146: sözdizimi hatası: ';' eksik ('GetConsoleAliasA' tanımlayıcısından önce) [C:\Users\4rchura\Documents\code_snippets\archura_game_engine\Archura_game_engine-main\build\imgui.vcxproj]
  ('../external/imgui/backends/imgui_impl_glfw.cpp' kaynak dosyası derleniyor)
  
C:\Program Files (x86)\Windows Kits\10\Include\10.0.26100.0\um\consoleapi3.h(202,1): error C1003: hata sayısı 100 taneyi aştı; derleme durduruluyor [C:\Users\4rchura\Documents\code_snippets\archura_game_engine\Archura_game_engine-main\build\imgui.vcxproj]
  ('../external/imgui/backends/imgui_impl_glfw.cpp' kaynak dosyası derleniyor)
  
C:\Program Files (x86)\Windows Kits\10\Include\10.0.26100.0\um\synchapi.h(504,11): error C2143: sözdizimi hatası: ')' eksik ('*' öncesinde) [C:\Users\4rchura\Documents\code_snippets\archura_game_engine\Archura_game_engine-main\build\imgui.vcxproj]
  ('../external/imgui/imgui.cpp' kaynak dosyası derleniyor)
  
C:\Program Files (x86)\Windows Kits\10\Include\10.0.26100.0\um\synchapi.h(504,11): error C2143: sözdizimi hatası: ';' eksik ('*' öncesinde) [C:\Users\4rchura\Documents\code_snippets\archura_game_engine\Archura_game_engine-main\build\imgui.vcxproj]
  ('../external/imgui/imgui.cpp' kaynak dosyası derleniyor)
  
C:\Program Files (x86)\Windows Kits\10\Include\10.0.26100.0\um\synchapi.h(504,2): error C2378: 'APIENTRY': yeniden tanımlama; simge başka herhangi bir typedef ile aşırı yüklenemez [C:\Users\4rchura\Documents\code_snippets\archura_game_engine\Archura_game_engine-main\build\imgui.vcxproj]
  ('../external/imgui/imgui.cpp' kaynak dosyası derleniyor)
      C:\Program Files (x86)\Windows Kits\10\Include\10.0.26100.0\um\apiquery2.h(36,1):
      'APIENTRY' bildirimine bakın
  
C:\Program Files (x86)\Windows Kits\10\Include\10.0.26100.0\um\synchapi.h(504,28): error C2059: sözdizimi hatası: ')' [C:\Users\4rchura\Documents\code_snippets\archura_game_engine\Archura_game_engine-main\build\imgui.vcxproj]
  ('../external/imgui/imgui.cpp' kaynak dosyası derleniyor)
  
C:\Program Files (x86)\Windows Kits\10\Include\10.0.26100.0\um\synchapi.h(532,14): error C2061: sözdizimi hatası: tanımlayıcı 'PTIMERAPCROUTINE' [C:\Users\4rchura\Documents\code_snippets\archura_game_engine\Archura_game_engine-main\build\imgui.vcxproj]
  ('../external/imgui/imgui.cpp' kaynak dosyası derleniyor)
  
C:\Program Files (x86)\Windows Kits\10\Include\10.0.26100.0\um\synchapi.h(547,14): error C2061: sözdizimi hatası: tanımlayıcı 'PTIMERAPCROUTINE' [C:\Users\4rchura\Documents\code_snippets\archura_game_engine\Archura_game_engine-main\build\imgui.vcxproj]
  ('../external/imgui/imgui.cpp' kaynak dosyası derleniyor)
  
C:\Program Files (x86)\Windows Kits\10\Include\10.0.26100.0\um\processthreadsapi.h(523,1): error C2370: 'APIENTRY': yeniden tanımlama; depolama sınıfı farklı [C:\Users\4rchura\Documents\code_snippets\archura_game_engine\Archura_game_engine-main\build\imgui.vcxproj]
  ('../external/imgui/imgui.cpp' kaynak dosyası derleniyor)
      C:\Program Files (x86)\Windows Kits\10\Include\10.0.26100.0\um\apiquery2.h(36,1):
      'APIENTRY' bildirimine bakın
  
C:\Program Files (x86)\Windows Kits\10\Include\10.0.26100.0\um\processthreadsapi.h(524,1): error C2146: sözdizimi hatası: ';' eksik ('SetThreadToken' tanımlayıcısından önce) [C:\Users\4rchura\Documents\code_snippets\archura_game_engine\Archura_game_engine-main\build\imgui.vcxproj]
  ('../external/imgui/imgui.cpp' kaynak dosyası derleniyor)
  
C:\Program Files (x86)\Windows Kits\10\Include\10.0.26100.0\um\libloaderapi.h(487,1): error C2370: 'APIENTRY': yeniden tanımlama; depolama sınıfı farklı [C:\Users\4rchura\Documents\code_snippets\archura_game_engine\Archura_game_engine-main\build\imgui.vcxproj]
  ('../external/imgui/imgui.cpp' kaynak dosyası derleniyor)
      C:\Program Files (x86)\Windows Kits\10\Include\10.0.26100.0\um\apiquery2.h(36,1):
      'APIENTRY' bildirimine bakın
  
C:\Program Files (x86)\Windows Kits\10\Include\10.0.26100.0\um\libloaderapi.h(488,1): error C2146: sözdizimi hatası: ';' eksik ('EnumResourceLanguagesExA' tanımlayıcısından önce) [C:\Users\4rchura\Documents\code_snippets\archura_game_engine\Archura_game_engine-main\build\imgui.vcxproj]
  ('../external/imgui/imgui.cpp' kaynak dosyası derleniyor)
  
C:\Program Files (x86)\Windows Kits\10\Include\10.0.26100.0\um\libloaderapi.h(500,1): error C2370: 'APIENTRY': yeniden tanımlama; depolama sınıfı farklı [C:\Users\4rchura\Documents\code_snippets\archura_game_engine\Archura_game_engine-main\build\imgui.vcxproj]
  ('../external/imgui/imgui.cpp' kaynak dosyası derleniyor)
      C:\Program Files (x86)\Windows Kits\10\Include\10.0.26100.0\um\apiquery2.h(36,1):
      'APIENTRY' bildirimine bakın
  
C:\Program Files (x86)\Windows Kits\10\Include\10.0.26100.0\um\libloaderapi.h(501,1): error C2146: sözdizimi hatası: ';' eksik ('EnumResourceLanguagesExW' tanımlayıcısından önce) [C:\Users\4rchura\Documents\code_snippets\archura_game_engine\Archura_game_engine-main\build\imgui.vcxproj]
  ('../external/imgui/imgui.cpp' kaynak dosyası derleniyor)
  
C:\Program Files (x86)\Windows Kits\10\Include\10.0.26100.0\um\securitybaseapi.h(475,1): error C2370: 'APIENTRY': yeniden tanımlama; depolama sınıfı farklı [C:\Users\4rchura\Documents\code_snippets\archura_game_engine\Archura_game_engine-main\build\imgui.vcxproj]
  ('../external/imgui/imgui.cpp' kaynak dosyası derleniyor)
      C:\Program Files (x86)\Windows Kits\10\Include\10.0.26100.0\um\apiquery2.h(36,1):
      'APIENTRY' bildirimine bakın
  
C:\Program Files (x86)\Windows Kits\10\Include\10.0.26100.0\um\securitybaseapi.h(476,1): error C2146: sözdizimi hatası: ';' eksik ('CheckTokenMembership' tanımlayıcısından önce) [C:\Users\4rchura\Documents\code_snippets\archura_game_engine\Archura_game_engine-main\build\imgui.vcxproj]
  ('../external/imgui/imgui.cpp' kaynak dosyası derleniyor)
  
C:\Program Files (x86)\Windows Kits\10\Include\10.0.26100.0\um\securitybaseapi.h(492,1): error C2370: 'APIENTRY': yeniden tanımlama; depolama sınıfı farklı [C:\Users\4rchura\Documents\code_snippets\archura_game_engine\Archura_game_engine-main\build\imgui.vcxproj]
  ('../external/imgui/imgui.cpp' kaynak dosyası derleniyor)
      C:\Program Files (x86)\Windows Kits\10\Include\10.0.26100.0\um\apiquery2.h(36,1):
      'APIENTRY' bildirimine bakın
  
C:\Program Files (x86)\Windows Kits\10\Include\10.0.26100.0\um\securitybaseapi.h(493,1): error C2146: sözdizimi hatası: ';' eksik ('CheckTokenCapability' tanımlayıcısından önce) [C:\Users\4rchura\Documents\code_snippets\archura_game_engine\Archura_game_engine-main\build\imgui.vcxproj]
  ('../external/imgui/imgui.cpp' kaynak dosyası derleniyor)
  
C:\Program Files (x86)\Windows Kits\10\Include\10.0.26100.0\um\securitybaseapi.h(501,1): error C2370: 'APIENTRY': yeniden tanımlama; depolama sınıfı farklı [C:\Users\4rchura\Documents\code_snippets\archura_game_engine\Archura_game_engine-main\build\imgui.vcxproj]
  ('../external/imgui/imgui.cpp' kaynak dosyası derleniyor)
      C:\Program Files (x86)\Windows Kits\10\Include\10.0.26100.0\um\apiquery2.h(36,1):
      'APIENTRY' bildirimine bakın
  
C:\Program Files (x86)\Windows Kits\10\Include\10.0.26100.0\um\securitybaseapi.h(502,1): error C2146: sözdizimi hatası: ';' eksik ('GetAppContainerAce' tanımlayıcısından önce) [C:\Users\4rchura\Documents\code_snippets\archura_game_engine\Archura_game_engine-main\build\imgui.vcxproj]
  ('../external/imgui/imgui.cpp' kaynak dosyası derleniyor)
  
C:\Program Files (x86)\Windows Kits\10\Include\10.0.26100.0\um\securitybaseapi.h(517,1): error C2370: 'APIENTRY': yeniden tanımlama; depolama sınıfı farklı [C:\Users\4rchura\Documents\code_snippets\archura_game_engine\Archura_game_engine-main\build\imgui.vcxproj]
  ('../external/imgui/imgui.cpp' kaynak dosyası derleniyor)
      C:\Program Files (x86)\Windows Kits\10\Include\10.0.26100.0\um\apiquery2.h(36,1):
      'APIENTRY' bildirimine bakın
  
C:\Program Files (x86)\Windows Kits\10\Include\10.0.26100.0\um\securitybaseapi.h(518,1): error C2146: sözdizimi hatası: ';' eksik ('CheckTokenMembershipEx' tanımlayıcısından önce) [C:\Users\4rchura\Documents\code_snippets\archura_game_engine\Archura_game_engine-main\build\imgui.vcxproj]
  ('../external/imgui/imgui.cpp' kaynak dosyası derleniyor)
  
C:\Program Files (x86)\Windows Kits\10\Include\10.0.26100.0\um\securitybaseapi.h(609,1): error C2370: 'APIENTRY': yeniden tanımlama; depolama sınıfı farklı [C:\Users\4rchura\Documents\code_snippets\archura_game_engine\Archura_game_engine-main\build\imgui.vcxproj]
  ('../external/imgui/imgui.cpp' kaynak dosyası derleniyor)
      C:\Program Files (x86)\Windows Kits\10\Include\10.0.26100.0\um\apiquery2.h(36,1):
      'APIENTRY' bildirimine bakın
  
C:\Program Files (x86)\Windows Kits\10\Include\10.0.26100.0\um\securitybaseapi.h(610,1): error C2146: sözdizimi hatası: ';' eksik ('CreateRestrictedToken' tanımlayıcısından önce) [C:\Users\4rchura\Documents\code_snippets\archura_game_engine\Archura_game_engine-main\build\imgui.vcxproj]
  ('../external/imgui/imgui.cpp' kaynak dosyası derleniyor)
  
C:\Program Files (x86)\Windows Kits\10\Include\10.0.26100.0\um\securitybaseapi.h(958,1): error C2370: 'APIENTRY': yeniden tanımlama; depolama sınıfı farklı [C:\Users\4rchura\Documents\code_snippets\archura_game_engine\Archura_game_engine-main\build\imgui.vcxproj]
  ('../external/imgui/imgui.cpp' kaynak dosyası derleniyor)
      C:\Program Files (x86)\Windows Kits\10\Include\10.0.26100.0\um\apiquery2.h(36,1):
      'APIENTRY' bildirimine bakın
  
C:\Program Files (x86)\Windows Kits\10\Include\10.0.26100.0\um\securitybaseapi.h(959,1): error C2146: sözdizimi hatası: ';' eksik ('ImpersonateAnonymousToken' tanımlayıcısından önce) [C:\Users\4rchura\Documents\code_snippets\archura_game_engine\Archura_game_engine-main\build\imgui.vcxproj]
  ('../external/imgui/imgui.cpp' kaynak dosyası derleniyor)
  
C:\Program Files (x86)\Windows Kits\10\Include\10.0.26100.0\um\winbase.h(8060,1): error C2040: 'APIENTRY': 'HANDLE', yöneltme düzeyi sayısı bakımından 'BOOL' ile aynı değil [C:\Users\4rchura\Documents\code_snippets\archura_game_engine\Archura_game_engine-main\build\imgui.vcxproj]
  ('../external/imgui/imgui.cpp' kaynak dosyası derleniyor)
  
C:\Program Files (x86)\Windows Kits\10\Include\10.0.26100.0\um\winbase.h(8061,1): error C2146: sözdizimi hatası: ';' eksik ('CreateBoundaryDescriptorA' tanımlayıcısından önce) [C:\Users\4rchura\Documents\code_snippets\archura_game_engine\Archura_game_engine-main\build\imgui.vcxproj]
  ('../external/imgui/imgui.cpp' kaynak dosyası derleniyor)
  
C:\Program Files (x86)\Windows Kits\10\Include\10.0.26100.0\um\consoleapi3.h(147,1): error C2370: 'APIENTRY': yeniden tanımlama; depolama sınıfı farklı [C:\Users\4rchura\Documents\code_snippets\archura_game_engine\Archura_game_engine-main\build\imgui.vcxproj]
  ('../external/imgui/backends/imgui_impl_opengl3.cpp' kaynak dosyası derleniyor)
      C:\Program Files (x86)\Windows Kits\10\Include\10.0.26100.0\um\apiquery2.h(36,1):
      'APIENTRY' bildirimine bakın
  
C:\Program Files (x86)\Windows Kits\10\Include\10.0.26100.0\um\consoleapi3.h(148,1): error C2146: sözdizimi hatası: ';' eksik ('GetConsoleDisplayMode' tanımlayıcısından önce) [C:\Users\4rchura\Documents\code_snippets\archura_game_engine\Archura_game_engine-main\build\imgui.vcxproj]
  ('../external/imgui/backends/imgui_impl_opengl3.cpp' kaynak dosyası derleniyor)
  
C:\Program Files (x86)\Windows Kits\10\Include\10.0.26100.0\um\consoleapi3.h(157,1): error C2370: 'APIENTRY': yeniden tanımlama; depolama sınıfı farklı [C:\Users\4rchura\Documents\code_snippets\archura_game_engine\Archura_game_engine-main\build\imgui.vcxproj]
  ('../external/imgui/backends/imgui_impl_opengl3.cpp' kaynak dosyası derleniyor)
      C:\Program Files (x86)\Windows Kits\10\Include\10.0.26100.0\um\apiquery2.h(36,1):
      'APIENTRY' bildirimine bakın
  
C:\Program Files (x86)\Windows Kits\10\Include\10.0.26100.0\um\consoleapi3.h(158,1): error C2146: sözdizimi hatası: ';' eksik ('SetConsoleDisplayMode' tanımlayıcısından önce) [C:\Users\4rchura\Documents\code_snippets\archura_game_engine\Archura_game_engine-main\build\imgui.vcxproj]
  ('../external/imgui/backends/imgui_impl_opengl3.cpp' kaynak dosyası derleniyor)
  
C:\Program Files (x86)\Windows Kits\10\Include\10.0.26100.0\um\consoleapi3.h(166,1): error C2040: 'APIENTRY': 'HWND', yöneltme düzeyi sayısı bakımından 'BOOL' ile aynı değil [C:\Users\4rchura\Documents\code_snippets\archura_game_engine\Archura_game_engine-main\build\imgui.vcxproj]
  ('../external/imgui/backends/imgui_impl_opengl3.cpp' kaynak dosyası derleniyor)
  
C:\Program Files (x86)\Windows Kits\10\Include\10.0.26100.0\um\consoleapi3.h(167,1): error C2146: sözdizimi hatası: ';' eksik ('GetConsoleWindow' tanımlayıcısından önce) [C:\Users\4rchura\Documents\code_snippets\archura_game_engine\Archura_game_engine-main\build\imgui.vcxproj]
  ('../external/imgui/backends/imgui_impl_opengl3.cpp' kaynak dosyası derleniyor)
  
C:\Program Files (x86)\Windows Kits\10\Include\10.0.26100.0\um\consoleapi3.h(177,1): error C2370: 'APIENTRY': yeniden tanımlama; depolama sınıfı farklı [C:\Users\4rchura\Documents\code_snippets\archura_game_engine\Archura_game_engine-main\build\imgui.vcxproj]
  ('../external/imgui/backends/imgui_impl_opengl3.cpp' kaynak dosyası derleniyor)
      C:\Program Files (x86)\Windows Kits\10\Include\10.0.26100.0\um\apiquery2.h(36,1):
      'APIENTRY' bildirimine bakın
  
C:\Program Files (x86)\Windows Kits\10\Include\10.0.26100.0\um\consoleapi3.h(178,1): error C2146: sözdizimi hatası: ';' eksik ('AddConsoleAliasA' tanımlayıcısından önce) [C:\Users\4rchura\Documents\code_snippets\archura_game_engine\Archura_game_engine-main\build\imgui.vcxproj]
  ('../external/imgui/backends/imgui_impl_opengl3.cpp' kaynak dosyası derleniyor)
  
C:\Program Files (x86)\Windows Kits\10\Include\10.0.26100.0\um\consoleapi3.h(186,1): error C2370: 'APIENTRY': yeniden tanımlama; depolama sınıfı farklı [C:\Users\4rchura\Documents\code_snippets\archura_game_engine\Archura_game_engine-main\build\imgui.vcxproj]
  ('../external/imgui/backends/imgui_impl_opengl3.cpp' kaynak dosyası derleniyor)
      C:\Program Files (x86)\Windows Kits\10\Include\10.0.26100.0\um\apiquery2.h(36,1):
      'APIENTRY' bildirimine bakın
  
C:\Program Files (x86)\Windows Kits\10\Include\10.0.26100.0\um\consoleapi3.h(187,1): error C2146: sözdizimi hatası: ';' eksik ('AddConsoleAliasW' tanımlayıcısından önce) [C:\Users\4rchura\Documents\code_snippets\archura_game_engine\Archura_game_engine-main\build\imgui.vcxproj]
  ('../external/imgui/backends/imgui_impl_opengl3.cpp' kaynak dosyası derleniyor)
  
C:\Program Files (x86)\Windows Kits\10\Include\10.0.26100.0\um\consoleapi3.h(201,1): error C2371: 'APIENTRY': yeniden tanımlama; temel türler farklı [C:\Users\4rchura\Documents\code_snippets\archura_game_engine\Archura_game_engine-main\build\imgui.vcxproj]
  ('../external/imgui/backends/imgui_impl_opengl3.cpp' kaynak dosyası derleniyor)
      C:\Program Files (x86)\Windows Kits\10\Include\10.0.26100.0\um\apiquery2.h(36,1):
      'APIENTRY' bildirimine bakın
  
C:\Program Files (x86)\Windows Kits\10\Include\10.0.26100.0\um\consoleapi3.h(202,1): error C2146: sözdizimi hatası: ';' eksik ('GetConsoleAliasA' tanımlayıcısından önce) [C:\Users\4rchura\Documents\code_snippets\archura_game_engine\Archura_game_engine-main\build\imgui.vcxproj]
  ('../external/imgui/backends/imgui_impl_opengl3.cpp' kaynak dosyası derleniyor)
  
C:\Program Files (x86)\Windows Kits\10\Include\10.0.26100.0\um\consoleapi3.h(202,1): error C1003: hata sayısı 100 taneyi aştı; derleme durduruluyor [C:\Users\4rchura\Documents\code_snippets\archura_game_engine\Archura_game_engine-main\build\imgui.vcxproj]
  ('../external/imgui/backends/imgui_impl_opengl3.cpp' kaynak dosyası derleniyor)
  
C:\Program Files (x86)\Windows Kits\10\Include\10.0.26100.0\um\winbase.h(9474,1): error C2371: 'APIENTRY': yeniden tanımlama; temel türler farklı [C:\Users\4rchura\Documents\code_snippets\archura_game_engine\Archura_game_engine-main\build\imgui.vcxproj]
  ('../external/imgui/imgui.cpp' kaynak dosyası derleniyor)
      C:\Program Files (x86)\Windows Kits\10\Include\10.0.26100.0\um\apiquery2.h(36,1):
      'APIENTRY' bildirimine bakın
  
C:\Program Files (x86)\Windows Kits\10\Include\10.0.26100.0\um\winbase.h(9475,1): error C2146: sözdizimi hatası: ';' eksik ('CreateSymbolicLinkA' tanımlayıcısından önce) [C:\Users\4rchura\Documents\code_snippets\archura_game_engine\Archura_game_engine-main\build\imgui.vcxproj]
  ('../external/imgui/imgui.cpp' kaynak dosyası derleniyor)
  
C:\Program Files (x86)\Windows Kits\10\Include\10.0.26100.0\um\winbase.h(9482,1): error C2371: 'APIENTRY': yeniden tanımlama; temel türler farklı [C:\Users\4rchura\Documents\code_snippets\archura_game_engine\Archura_game_engine-main\build\imgui.vcxproj]
  ('../external/imgui/imgui.cpp' kaynak dosyası derleniyor)
      C:\Program Files (x86)\Windows Kits\10\Include\10.0.26100.0\um\apiquery2.h(36,1):
      'APIENTRY' bildirimine bakın
  
C:\Program Files (x86)\Windows Kits\10\Include\10.0.26100.0\um\winbase.h(9483,1): error C2146: sözdizimi hatası: ';' eksik ('CreateSymbolicLinkW' tanımlayıcısından önce) [C:\Users\4rchura\Documents\code_snippets\archura_game_engine\Archura_game_engine-main\build\imgui.vcxproj]
  ('../external/imgui/imgui.cpp' kaynak dosyası derleniyor)
  
C:\Program Files (x86)\Windows Kits\10\Include\10.0.26100.0\um\winbase.h(9523,1): error C2371: 'APIENTRY': yeniden tanımlama; temel türler farklı [C:\Users\4rchura\Documents\code_snippets\archura_game_engine\Archura_game_engine-main\build\imgui.vcxproj]
  ('../external/imgui/imgui.cpp' kaynak dosyası derleniyor)
      C:\Program Files (x86)\Windows Kits\10\Include\10.0.26100.0\um\apiquery2.h(36,1):
      'APIENTRY' bildirimine bakın
  
C:\Program Files (x86)\Windows Kits\10\Include\10.0.26100.0\um\winbase.h(9524,1): error C2146: sözdizimi hatası: ';' eksik ('CreateSymbolicLinkTransactedA' tanımlayıcısından önce) [C:\Users\4rchura\Documents\code_snippets\archura_game_engine\Archura_game_engine-main\build\imgui.vcxproj]
  ('../external/imgui/imgui.cpp' kaynak dosyası derleniyor)
  
C:\Program Files (x86)\Windows Kits\10\Include\10.0.26100.0\um\winbase.h(9532,1): error C2371: 'APIENTRY': yeniden tanımlama; temel türler farklı [C:\Users\4rchura\Documents\code_snippets\archura_game_engine\Archura_game_engine-main\build\imgui.vcxproj]
  ('../external/imgui/imgui.cpp' kaynak dosyası derleniyor)
      C:\Program Files (x86)\Windows Kits\10\Include\10.0.26100.0\um\apiquery2.h(36,1):
      'APIENTRY' bildirimine bakın
  
C:\Program Files (x86)\Windows Kits\10\Include\10.0.26100.0\um\winbase.h(9533,1): error C2146: sözdizimi hatası: ';' eksik ('CreateSymbolicLinkTransactedW' tanımlayıcısından önce) [C:\Users\4rchura\Documents\code_snippets\archura_game_engine\Archura_game_engine-main\build\imgui.vcxproj]
  ('../external/imgui/imgui.cpp' kaynak dosyası derleniyor)
  
C:\Program Files (x86)\Windows Kits\10\Include\10.0.26100.0\um\winbase.h(9712,1): error C2371: 'APIENTRY': yeniden tanımlama; temel türler farklı [C:\Users\4rchura\Documents\code_snippets\archura_game_engine\Archura_game_engine-main\build\imgui.vcxproj]
  ('../external/imgui/imgui.cpp' kaynak dosyası derleniyor)
      C:\Program Files (x86)\Windows Kits\10\Include\10.0.26100.0\um\apiquery2.h(36,1):
      'APIENTRY' bildirimine bakın
  
C:\Program Files (x86)\Windows Kits\10\Include\10.0.26100.0\um\winbase.h(9713,1): error C2146: sözdizimi hatası: ';' eksik ('EnableThreadProfiling' tanımlayıcısından önce) [C:\Users\4rchura\Documents\code_snippets\archura_game_engine\Archura_game_engine-main\build\imgui.vcxproj]
  ('../external/imgui/imgui.cpp' kaynak dosyası derleniyor)
  
C:\Program Files (x86)\Windows Kits\10\Include\10.0.26100.0\um\winbase.h(9722,1): error C2371: 'APIENTRY': yeniden tanımlama; temel türler farklı [C:\Users\4rchura\Documents\code_snippets\archura_game_engine\Archura_game_engine-main\build\imgui.vcxproj]
  ('../external/imgui/imgui.cpp' kaynak dosyası derleniyor)
      C:\Program Files (x86)\Windows Kits\10\Include\10.0.26100.0\um\apiquery2.h(36,1):
      'APIENTRY' bildirimine bakın
  
C:\Program Files (x86)\Windows Kits\10\Include\10.0.26100.0\um\winbase.h(9723,1): error C2146: sözdizimi hatası: ';' eksik ('DisableThreadProfiling' tanımlayıcısından önce) [C:\Users\4rchura\Documents\code_snippets\archura_game_engine\Archura_game_engine-main\build\imgui.vcxproj]
  ('../external/imgui/imgui.cpp' kaynak dosyası derleniyor)
  
C:\Program Files (x86)\Windows Kits\10\Include\10.0.26100.0\um\winbase.h(9729,1): error C2371: 'APIENTRY': yeniden tanımlama; temel türler farklı [C:\Users\4rchura\Documents\code_snippets\archura_game_engine\Archura_game_engine-main\build\imgui.vcxproj]
  ('../external/imgui/imgui.cpp' kaynak dosyası derleniyor)
      C:\Program Files (x86)\Windows Kits\10\Include\10.0.26100.0\um\apiquery2.h(36,1):
      'APIENTRY' bildirimine bakın
  
C:\Program Files (x86)\Windows Kits\10\Include\10.0.26100.0\um\winbase.h(9730,1): error C2146: sözdizimi hatası: ';' eksik ('QueryThreadProfiling' tanımlayıcısından önce) [C:\Users\4rchura\Documents\code_snippets\archura_game_engine\Archura_game_engine-main\build\imgui.vcxproj]
  ('../external/imgui/imgui.cpp' kaynak dosyası derleniyor)
  
C:\Program Files (x86)\Windows Kits\10\Include\10.0.26100.0\um\winbase.h(9737,1): error C2371: 'APIENTRY': yeniden tanımlama; temel türler farklı [C:\Users\4rchura\Documents\code_snippets\archura_game_engine\Archura_game_engine-main\build\imgui.vcxproj]
  ('../external/imgui/imgui.cpp' kaynak dosyası derleniyor)
      C:\Program Files (x86)\Windows Kits\10\Include\10.0.26100.0\um\apiquery2.h(36,1):
      'APIENTRY' bildirimine bakın
  
C:\Program Files (x86)\Windows Kits\10\Include\10.0.26100.0\um\winbase.h(9738,1): error C2146: sözdizimi hatası: ';' eksik ('ReadThreadProfilingData' tanımlayıcısından önce) [C:\Users\4rchura\Documents\code_snippets\archura_game_engine\Archura_game_engine-main\build\imgui.vcxproj]
  ('../external/imgui/imgui.cpp' kaynak dosyası derleniyor)
  
C:\Program Files (x86)\Windows Kits\10\Include\10.0.26100.0\um\wingdi.h(4175,17): error C2370: 'APIENTRY': yeniden tanımlama; depolama sınıfı farklı [C:\Users\4rchura\Documents\code_snippets\archura_game_engine\Archura_game_engine-main\build\imgui.vcxproj]
  ('../external/imgui/imgui.cpp' kaynak dosyası derleniyor)
      C:\Program Files (x86)\Windows Kits\10\Include\10.0.26100.0\um\apiquery2.h(36,1):
      'APIENTRY' bildirimine bakın
  
C:\Program Files (x86)\Windows Kits\10\Include\10.0.26100.0\um\wingdi.h(4175,26): error C2146: sözdizimi hatası: ';' eksik ('GetCharWidthFloatA' tanımlayıcısından önce) [C:\Users\4rchura\Documents\code_snippets\archura_game_engine\Archura_game_engine-main\build\imgui.vcxproj]
  ('../external/imgui/imgui.cpp' kaynak dosyası derleniyor)
  
C:\Program Files (x86)\Windows Kits\10\Include\10.0.26100.0\um\wingdi.h(4176,17): error C2370: 'APIENTRY': yeniden tanımlama; depolama sınıfı farklı [C:\Users\4rchura\Documents\code_snippets\archura_game_engine\Archura_game_engine-main\build\imgui.vcxproj]
  ('../external/imgui/imgui.cpp' kaynak dosyası derleniyor)
      C:\Program Files (x86)\Windows Kits\10\Include\10.0.26100.0\um\apiquery2.h(36,1):
      'APIENTRY' bildirimine bakın
  
C:\Program Files (x86)\Windows Kits\10\Include\10.0.26100.0\um\wingdi.h(4176,26): error C2146: sözdizimi hatası: ';' eksik ('GetCharWidthFloatW' tanımlayıcısından önce) [C:\Users\4rchura\Documents\code_snippets\archura_game_engine\Archura_game_engine-main\build\imgui.vcxproj]
  ('../external/imgui/imgui.cpp' kaynak dosyası derleniyor)
  
C:\Program Files (x86)\Windows Kits\10\Include\10.0.26100.0\um\wingdi.h(4183,17): error C2370: 'APIENTRY': yeniden tanımlama; depolama sınıfı farklı [C:\Users\4rchura\Documents\code_snippets\archura_game_engine\Archura_game_engine-main\build\imgui.vcxproj]
  ('../external/imgui/imgui.cpp' kaynak dosyası derleniyor)
      C:\Program Files (x86)\Windows Kits\10\Include\10.0.26100.0\um\apiquery2.h(36,1):
      'APIENTRY' bildirimine bakın
  
C:\Program Files (x86)\Windows Kits\10\Include\10.0.26100.0\um\wingdi.h(4183,26): error C2146: sözdizimi hatası: ';' eksik ('GetCharABCWidthsA' tanımlayıcısından önce) [C:\Users\4rchura\Documents\code_snippets\archura_game_engine\Archura_game_engine-main\build\imgui.vcxproj]
  ('../external/imgui/imgui.cpp' kaynak dosyası derleniyor)
  
C:\Program Files (x86)\Windows Kits\10\Include\10.0.26100.0\um\wingdi.h(4187,17): error C2370: 'APIENTRY': yeniden tanımlama; depolama sınıfı farklı [C:\Users\4rchura\Documents\code_snippets\archura_game_engine\Archura_game_engine-main\build\imgui.vcxproj]
  ('../external/imgui/imgui.cpp' kaynak dosyası derleniyor)
      C:\Program Files (x86)\Windows Kits\10\Include\10.0.26100.0\um\apiquery2.h(36,1):
      'APIENTRY' bildirimine bakın
  
C:\Program Files (x86)\Windows Kits\10\Include\10.0.26100.0\um\wingdi.h(4187,26): error C2146: sözdizimi hatası: ';' eksik ('GetCharABCWidthsW' tanımlayıcısından önce) [C:\Users\4rchura\Documents\code_snippets\archura_game_engine\Archura_game_engine-main\build\imgui.vcxproj]
  ('../external/imgui/imgui.cpp' kaynak dosyası derleniyor)
  
C:\Program Files (x86)\Windows Kits\10\Include\10.0.26100.0\um\wingdi.h(4197,17): error C2370: 'APIENTRY': yeniden tanımlama; depolama sınıfı farklı [C:\Users\4rchura\Documents\code_snippets\archura_game_engine\Archura_game_engine-main\build\imgui.vcxproj]
  ('../external/imgui/imgui.cpp' kaynak dosyası derleniyor)
      C:\Program Files (x86)\Windows Kits\10\Include\10.0.26100.0\um\apiquery2.h(36,1):
      'APIENTRY' bildirimine bakın
  
C:\Program Files (x86)\Windows Kits\10\Include\10.0.26100.0\um\wingdi.h(4197,26): error C2146: sözdizimi hatası: ';' eksik ('GetCharABCWidthsFloatA' tanımlayıcısından önce) [C:\Users\4rchura\Documents\code_snippets\archura_game_engine\Archura_game_engine-main\build\imgui.vcxproj]
  ('../external/imgui/imgui.cpp' kaynak dosyası derleniyor)
  
C:\Program Files (x86)\Windows Kits\10\Include\10.0.26100.0\um\wingdi.h(4198,17): error C2370: 'APIENTRY': yeniden tanımlama; depolama sınıfı farklı [C:\Users\4rchura\Documents\code_snippets\archura_game_engine\Archura_game_engine-main\build\imgui.vcxproj]
  ('../external/imgui/imgui.cpp' kaynak dosyası derleniyor)
      C:\Program Files (x86)\Windows Kits\10\Include\10.0.26100.0\um\apiquery2.h(36,1):
      'APIENTRY' bildirimine bakın
  
C:\Program Files (x86)\Windows Kits\10\Include\10.0.26100.0\um\wingdi.h(4198,26): error C2146: sözdizimi hatası: ';' eksik ('GetCharABCWidthsFloatW' tanımlayıcısından önce) [C:\Users\4rchura\Documents\code_snippets\archura_game_engine\Archura_game_engine-main\build\imgui.vcxproj]
  ('../external/imgui/imgui.cpp' kaynak dosyası derleniyor)
  
C:\Program Files (x86)\Windows Kits\10\Include\10.0.26100.0\um\wingdi.h(4260,16): error C2371: 'APIENTRY': yeniden tanımlama; temel türler farklı [C:\Users\4rchura\Documents\code_snippets\archura_game_engine\Archura_game_engine-main\build\imgui.vcxproj]
  ('../external/imgui/imgui.cpp' kaynak dosyası derleniyor)
      C:\Program Files (x86)\Windows Kits\10\Include\10.0.26100.0\um\apiquery2.h(36,1):
      'APIENTRY' bildirimine bakın
  
C:\Program Files (x86)\Windows Kits\10\Include\10.0.26100.0\um\wingdi.h(4260,25): error C2146: sözdizimi hatası: ';' eksik ('GetOutlineTextMetricsA' tanımlayıcısından önce) [C:\Users\4rchura\Documents\code_snippets\archura_game_engine\Archura_game_engine-main\build\imgui.vcxproj]
  ('../external/imgui/imgui.cpp' kaynak dosyası derleniyor)
  
C:\Program Files (x86)\Windows Kits\10\Include\10.0.26100.0\um\wingdi.h(4263,16): error C2371: 'APIENTRY': yeniden tanımlama; temel türler farklı [C:\Users\4rchura\Documents\code_snippets\archura_game_engine\Archura_game_engine-main\build\imgui.vcxproj]
  ('../external/imgui/imgui.cpp' kaynak dosyası derleniyor)
      C:\Program Files (x86)\Windows Kits\10\Include\10.0.26100.0\um\apiquery2.h(36,1):
      'APIENTRY' bildirimine bakın
  
C:\Program Files (x86)\Windows Kits\10\Include\10.0.26100.0\um\wingdi.h(4263,25): error C2146: sözdizimi hatası: ';' eksik ('GetOutlineTextMetricsW' tanımlayıcısından önce) [C:\Users\4rchura\Documents\code_snippets\archura_game_engine\Archura_game_engine-main\build\imgui.vcxproj]
  ('../external/imgui/imgui.cpp' kaynak dosyası derleniyor)
  
C:\Program Files (x86)\Windows Kits\10\Include\10.0.26100.0\um\wingdi.h(4309,1): error C2370: 'APIENTRY': yeniden tanımlama; depolama sınıfı farklı [C:\Users\4rchura\Documents\code_snippets\archura_game_engine\Archura_game_engine-main\build\imgui.vcxproj]
  ('../external/imgui/imgui.cpp' kaynak dosyası derleniyor)
      C:\Program Files (x86)\Windows Kits\10\Include\10.0.26100.0\um\apiquery2.h(36,1):
      'APIENTRY' bildirimine bakın
  
C:\Program Files (x86)\Windows Kits\10\Include\10.0.26100.0\um\wingdi.h(4310,1): error C2146: sözdizimi hatası: ';' eksik ('GetTextExtentPointA' tanımlayıcısından önce) [C:\Users\4rchura\Documents\code_snippets\archura_game_engine\Archura_game_engine-main\build\imgui.vcxproj]
  ('../external/imgui/imgui.cpp' kaynak dosyası derleniyor)
  
C:\Program Files (x86)\Windows Kits\10\Include\10.0.26100.0\um\wingdi.h(4318,1): error C2370: 'APIENTRY': yeniden tanımlama; depolama sınıfı farklı [C:\Users\4rchura\Documents\code_snippets\archura_game_engine\Archura_game_engine-main\build\imgui.vcxproj]
  ('../external/imgui/imgui.cpp' kaynak dosyası derleniyor)
      C:\Program Files (x86)\Windows Kits\10\Include\10.0.26100.0\um\apiquery2.h(36,1):
      'APIENTRY' bildirimine bakın
  
C:\Program Files (x86)\Windows Kits\10\Include\10.0.26100.0\um\wingdi.h(4319,1): error C2146: sözdizimi hatası: ';' eksik ('GetTextExtentPointW' tanımlayıcısından önce) [C:\Users\4rchura\Documents\code_snippets\archura_game_engine\Archura_game_engine-main\build\imgui.vcxproj]
  ('../external/imgui/imgui.cpp' kaynak dosyası derleniyor)
  
C:\Program Files (x86)\Windows Kits\10\Include\10.0.26100.0\um\wingdi.h(4333,1): error C2370: 'APIENTRY': yeniden tanımlama; depolama sınıfı farklı [C:\Users\4rchura\Documents\code_snippets\archura_game_engine\Archura_game_engine-main\build\imgui.vcxproj]
  ('../external/imgui/imgui.cpp' kaynak dosyası derleniyor)
      C:\Program Files (x86)\Windows Kits\10\Include\10.0.26100.0\um\apiquery2.h(36,1):
      'APIENTRY' bildirimine bakın
  
C:\Program Files (x86)\Windows Kits\10\Include\10.0.26100.0\um\wingdi.h(4334,1): error C2146: sözdizimi hatası: ';' eksik ('GetTextExtentPoint32A' tanımlayıcısından önce) [C:\Users\4rchura\Documents\code_snippets\archura_game_engine\Archura_game_engine-main\build\imgui.vcxproj]
  ('../external/imgui/imgui.cpp' kaynak dosyası derleniyor)
  
C:\Program Files (x86)\Windows Kits\10\Include\10.0.26100.0\um\wingdi.h(4342,1): error C2370: 'APIENTRY': yeniden tanımlama; depolama sınıfı farklı [C:\Users\4rchura\Documents\code_snippets\archura_game_engine\Archura_game_engine-main\build\imgui.vcxproj]
  ('../external/imgui/imgui.cpp' kaynak dosyası derleniyor)
      C:\Program Files (x86)\Windows Kits\10\Include\10.0.26100.0\um\apiquery2.h(36,1):
      'APIENTRY' bildirimine bakın
  
C:\Program Files (x86)\Windows Kits\10\Include\10.0.26100.0\um\wingdi.h(4343,1): error C2146: sözdizimi hatası: ';' eksik ('GetTextExtentPoint32W' tanımlayıcısından önce) [C:\Users\4rchura\Documents\code_snippets\archura_game_engine\Archura_game_engine-main\build\imgui.vcxproj]
  ('../external/imgui/imgui.cpp' kaynak dosyası derleniyor)
  
C:\Program Files (x86)\Windows Kits\10\Include\10.0.26100.0\um\wingdi.h(4357,1): error C2370: 'APIENTRY': yeniden tanımlama; depolama sınıfı farklı [C:\Users\4rchura\Documents\code_snippets\archura_game_engine\Archura_game_engine-main\build\imgui.vcxproj]
  ('../external/imgui/imgui.cpp' kaynak dosyası derleniyor)
      C:\Program Files (x86)\Windows Kits\10\Include\10.0.26100.0\um\apiquery2.h(36,1):
      'APIENTRY' bildirimine bakın
  
C:\Program Files (x86)\Windows Kits\10\Include\10.0.26100.0\um\wingdi.h(4358,1): error C2146: sözdizimi hatası: ';' eksik ('GetTextExtentExPointA' tanımlayıcısından önce) [C:\Users\4rchura\Documents\code_snippets\archura_game_engine\Archura_game_engine-main\build\imgui.vcxproj]
  ('../external/imgui/imgui.cpp' kaynak dosyası derleniyor)
  
C:\Program Files (x86)\Windows Kits\10\Include\10.0.26100.0\um\wingdi.h(4369,1): error C2370: 'APIENTRY': yeniden tanımlama; depolama sınıfı farklı [C:\Users\4rchura\Documents\code_snippets\archura_game_engine\Archura_game_engine-main\build\imgui.vcxproj]
  ('../external/imgui/imgui.cpp' kaynak dosyası derleniyor)
      C:\Program Files (x86)\Windows Kits\10\Include\10.0.26100.0\um\apiquery2.h(36,1):
      'APIENTRY' bildirimine bakın
  
C:\Program Files (x86)\Windows Kits\10\Include\10.0.26100.0\um\wingdi.h(4370,1): error C2146: sözdizimi hatası: ';' eksik ('GetTextExtentExPointW' tanımlayıcısından önce) [C:\Users\4rchura\Documents\code_snippets\archura_game_engine\Archura_game_engine-main\build\imgui.vcxproj]
  ('../external/imgui/imgui.cpp' kaynak dosyası derleniyor)
  
C:\Program Files (x86)\Windows Kits\10\Include\10.0.26100.0\um\consoleapi3.h(147,1): error C2370: 'APIENTRY': yeniden tanımlama; depolama sınıfı farklı [C:\Users\4rchura\Documents\code_snippets\archura_game_engine\Archura_game_engine-main\build\imgui.vcxproj]
  ('../external/imgui/imgui.cpp' kaynak dosyası derleniyor)
      C:\Program Files (x86)\Windows Kits\10\Include\10.0.26100.0\um\apiquery2.h(36,1):
      'APIENTRY' bildirimine bakın
  
C:\Program Files (x86)\Windows Kits\10\Include\10.0.26100.0\um\consoleapi3.h(148,1): error C2146: sözdizimi hatası: ';' eksik ('GetConsoleDisplayMode' tanımlayıcısından önce) [C:\Users\4rchura\Documents\code_snippets\archura_game_engine\Archura_game_engine-main\build\imgui.vcxproj]
  ('../external/imgui/imgui.cpp' kaynak dosyası derleniyor)
  
C:\Program Files (x86)\Windows Kits\10\Include\10.0.26100.0\um\consoleapi3.h(157,1): error C2370: 'APIENTRY': yeniden tanımlama; depolama sınıfı farklı [C:\Users\4rchura\Documents\code_snippets\archura_game_engine\Archura_game_engine-main\build\imgui.vcxproj]
  ('../external/imgui/imgui.cpp' kaynak dosyası derleniyor)
      C:\Program Files (x86)\Windows Kits\10\Include\10.0.26100.0\um\apiquery2.h(36,1):
      'APIENTRY' bildirimine bakın
  
C:\Program Files (x86)\Windows Kits\10\Include\10.0.26100.0\um\consoleapi3.h(158,1): error C2146: sözdizimi hatası: ';' eksik ('SetConsoleDisplayMode' tanımlayıcısından önce) [C:\Users\4rchura\Documents\code_snippets\archura_game_engine\Archura_game_engine-main\build\imgui.vcxproj]
  ('../external/imgui/imgui.cpp' kaynak dosyası derleniyor)
  
C:\Program Files (x86)\Windows Kits\10\Include\10.0.26100.0\um\consoleapi3.h(166,1): error C2040: 'APIENTRY': 'HWND', yöneltme düzeyi sayısı bakımından 'BOOL' ile aynı değil [C:\Users\4rchura\Documents\code_snippets\archura_game_engine\Archura_game_engine-main\build\imgui.vcxproj]
  ('../external/imgui/imgui.cpp' kaynak dosyası derleniyor)
  
C:\Program Files (x86)\Windows Kits\10\Include\10.0.26100.0\um\consoleapi3.h(167,1): error C2146: sözdizimi hatası: ';' eksik ('GetConsoleWindow' tanımlayıcısından önce) [C:\Users\4rchura\Documents\code_snippets\archura_game_engine\Archura_game_engine-main\build\imgui.vcxproj]
  ('../external/imgui/imgui.cpp' kaynak dosyası derleniyor)
  
C:\Program Files (x86)\Windows Kits\10\Include\10.0.26100.0\um\consoleapi3.h(177,1): error C2370: 'APIENTRY': yeniden tanımlama; depolama sınıfı farklı [C:\Users\4rchura\Documents\code_snippets\archura_game_engine\Archura_game_engine-main\build\imgui.vcxproj]
  ('../external/imgui/imgui.cpp' kaynak dosyası derleniyor)
      C:\Program Files (x86)\Windows Kits\10\Include\10.0.26100.0\um\apiquery2.h(36,1):
      'APIENTRY' bildirimine bakın
  
C:\Program Files (x86)\Windows Kits\10\Include\10.0.26100.0\um\consoleapi3.h(178,1): error C2146: sözdizimi hatası: ';' eksik ('AddConsoleAliasA' tanımlayıcısından önce) [C:\Users\4rchura\Documents\code_snippets\archura_game_engine\Archura_game_engine-main\build\imgui.vcxproj]
  ('../external/imgui/imgui.cpp' kaynak dosyası derleniyor)
  
C:\Program Files (x86)\Windows Kits\10\Include\10.0.26100.0\um\consoleapi3.h(186,1): error C2370: 'APIENTRY': yeniden tanımlama; depolama sınıfı farklı [C:\Users\4rchura\Documents\code_snippets\archura_game_engine\Archura_game_engine-main\build\imgui.vcxproj]
  ('../external/imgui/imgui.cpp' kaynak dosyası derleniyor)
      C:\Program Files (x86)\Windows Kits\10\Include\10.0.26100.0\um\apiquery2.h(36,1):
      'APIENTRY' bildirimine bakın
  
C:\Program Files (x86)\Windows Kits\10\Include\10.0.26100.0\um\consoleapi3.h(187,1): error C2146: sözdizimi hatası: ';' eksik ('AddConsoleAliasW' tanımlayıcısından önce) [C:\Users\4rchura\Documents\code_snippets\archura_game_engine\Archura_game_engine-main\build\imgui.vcxproj]
  ('../external/imgui/imgui.cpp' kaynak dosyası derleniyor)
  
C:\Program Files (x86)\Windows Kits\10\Include\10.0.26100.0\um\consoleapi3.h(201,1): error C2371: 'APIENTRY': yeniden tanımlama; temel türler farklı [C:\Users\4rchura\Documents\code_snippets\archura_game_engine\Archura_game_engine-main\build\imgui.vcxproj]
  ('../external/imgui/imgui.cpp' kaynak dosyası derleniyor)
      C:\Program Files (x86)\Windows Kits\10\Include\10.0.26100.0\um\apiquery2.h(36,1):
      'APIENTRY' bildirimine bakın
  
C:\Program Files (x86)\Windows Kits\10\Include\10.0.26100.0\um\consoleapi3.h(202,1): error C2146: sözdizimi hatası: ';' eksik ('GetConsoleAliasA' tanımlayıcısından önce) [C:\Users\4rchura\Documents\code_snippets\archura_game_engine\Archura_game_engine-main\build\imgui.vcxproj]
  ('../external/imgui/imgui.cpp' kaynak dosyası derleniyor)
  
C:\Program Files (x86)\Windows Kits\10\Include\10.0.26100.0\um\consoleapi3.h(202,1): error C1003: hata sayısı 100 taneyi aştı; derleme durduruluyor [C:\Users\4rchura\Documents\code_snippets\archura_game_engine\Archura_game_engine-main\build\imgui.vcxproj]
  ('../external/imgui/imgui.cpp' kaynak dosyası derleniyor)
  
  Building Custom Rule C:/Users/4rchura/Documents/code_snippets/archura_game_engine/Archura_game_engine-main/CMakeLists.txt
  ufbx.c
  ufbx.vcxproj -> C:\Users\4rchura\Documents\code_snippets\archura_game_engine\Archura_game_engine-main\build\lib\Release\ufbx.lib
